Component: ARM Compiler 5.06 update 6 (build 750) Tool: armlink [4d35ed]

==============================================================================

Section Cross References

    startup_stm32f407xx.o(STACK) refers (Special) to heapauxi.o(.text) for __use_two_region_memory
    startup_stm32f407xx.o(HEAP) refers (Special) to heapauxi.o(.text) for __use_two_region_memory
    startup_stm32f407xx.o(RESET) refers (Special) to heapauxi.o(.text) for __use_two_region_memory
    startup_stm32f407xx.o(RESET) refers to startup_stm32f407xx.o(STACK) for __initial_sp
    startup_stm32f407xx.o(RESET) refers to startup_stm32f407xx.o(.text) for Reset_Handler
    startup_stm32f407xx.o(RESET) refers to stm32f4xx_it.o(i.NMI_Handler) for NMI_Handler
    startup_stm32f407xx.o(RESET) refers to stm32f4xx_it.o(i.HardFault_Handler) for HardFault_Handler
    startup_stm32f407xx.o(RESET) refers to stm32f4xx_it.o(i.MemManage_Handler) for MemManage_Handler
    startup_stm32f407xx.o(RESET) refers to stm32f4xx_it.o(i.BusFault_Handler) for BusFault_Handler
    startup_stm32f407xx.o(RESET) refers to stm32f4xx_it.o(i.UsageFault_Handler) for UsageFault_Handler
    startup_stm32f407xx.o(RESET) refers to stm32f4xx_it.o(i.SVC_Handler) for SVC_Handler
    startup_stm32f407xx.o(RESET) refers to stm32f4xx_it.o(i.DebugMon_Handler) for DebugMon_Handler
    startup_stm32f407xx.o(RESET) refers to stm32f4xx_it.o(i.PendSV_Handler) for PendSV_Handler
    startup_stm32f407xx.o(RESET) refers to stm32f4xx_it.o(i.SysTick_Handler) for SysTick_Handler
    startup_stm32f407xx.o(RESET) refers to stm32f4xx_it.o(i.CAN1_RX0_IRQHandler) for CAN1_RX0_IRQHandler
    startup_stm32f407xx.o(RESET) refers to stm32f4xx_it.o(i.USART1_IRQHandler) for USART1_IRQHandler
    startup_stm32f407xx.o(.text) refers (Special) to heapauxi.o(.text) for __use_two_region_memory
    startup_stm32f407xx.o(.text) refers to system_stm32f4xx.o(i.SystemInit) for SystemInit
    startup_stm32f407xx.o(.text) refers to __main.o(!!!main) for __main
    startup_stm32f407xx.o(.text) refers to startup_stm32f407xx.o(HEAP) for Heap_Mem
    startup_stm32f407xx.o(.text) refers to startup_stm32f407xx.o(STACK) for Stack_Mem
    pid.o(i.PID_after_process) refers to stm32f4xx_hal.o(i.HAL_GetTick) for HAL_GetTick
    pid.o(i.PID_compute) refers to rt_memcpy_w.o(.text) for __aeabi_memcpy4
    pid.o(i.PID_compute) refers to pid.o(i.PID_pre_process) for PID_pre_process
    pid.o(i.PID_compute) refers to pid.o(i.PID_compute_co) for PID_compute_co
    pid.o(i.PID_compute) refers to pid.o(i.fedforward_compute) for fedforward_compute
    pid.o(i.PID_compute) refers to pid.o(i.PID_after_process) for PID_after_process
    pid.o(i.PID_compute) refers to pid.o(.constdata) for .constdata
    pid.o(i.PID_pre_process) refers to stm32f4xx_hal.o(i.HAL_GetTick) for HAL_GetTick
    pid.o(i.PID_pre_process) refers to ffltll_clz.o(x$fpl$ffltll) for __aeabi_ul2f
    motorrm3508drive.o(i.HAL_CAN_RxFifo0MsgPendingCallback) refers to motorrm3508drive.o(i.motor_rm3508_rx_massage) for motor_rm3508_rx_massage
    motorrm3508drive.o(i.HAL_CAN_RxFifo0MsgPendingCallback) refers to main.o(i.motor_rm3508_MSgPendingCallback) for motor_rm3508_MSgPendingCallback
    motorrm3508drive.o(i.HAL_CAN_RxFifo0MsgPendingCallback) refers to motorrm3508drive.o(.data) for .data
    motorrm3508drive.o(i.HAL_CAN_RxFifo0MsgPendingCallback) refers to motorrm3508drive.o(.bss) for .bss
    motorrm3508drive.o(i.HAL_CAN_RxFifo1MsgPendingCallback) refers to motorrm3508drive.o(i.motor_rm3508_rx_massage) for motor_rm3508_rx_massage
    motorrm3508drive.o(i.HAL_CAN_RxFifo1MsgPendingCallback) refers to main.o(i.motor_rm3508_MSgPendingCallback) for motor_rm3508_MSgPendingCallback
    motorrm3508drive.o(i.HAL_CAN_RxFifo1MsgPendingCallback) refers to motorrm3508drive.o(.data) for .data
    motorrm3508drive.o(i.HAL_CAN_RxFifo1MsgPendingCallback) refers to motorrm3508drive.o(.bss) for .bss
    motorrm3508drive.o(i.moter_rm3508_tx_massage) refers to stm32f4xx_hal_can.o(i.HAL_CAN_AddTxMessage) for HAL_CAN_AddTxMessage
    motorrm3508drive.o(i.moter_rm3508_tx_massage) refers to motorrm3508drive.o(.bss) for .bss
    motorrm3508drive.o(i.motor_RM3508_Init) refers to rt_memcpy_w.o(.text) for __aeabi_memcpy4
    motorrm3508drive.o(i.motor_RM3508_Init) refers to stm32f4xx_hal_can.o(i.HAL_CAN_ActivateNotification) for HAL_CAN_ActivateNotification
    motorrm3508drive.o(i.motor_RM3508_Init) refers to stm32f4xx_hal_can.o(i.HAL_CAN_ConfigFilter) for HAL_CAN_ConfigFilter
    motorrm3508drive.o(i.motor_RM3508_Init) refers to stm32f4xx_hal_can.o(i.HAL_CAN_Start) for HAL_CAN_Start
    motorrm3508drive.o(i.motor_RM3508_Init) refers to motorrm3508drive.o(.data) for .data
    motorrm3508drive.o(i.motor_RM3508_Init) refers to motorrm3508drive.o(.bss) for .bss
    motorrm3508drive.o(i.motor_rm3508_get_rx_date) refers to motorrm3508drive.o(.bss) for .bss
    motorrm3508drive.o(i.motor_rm3508_rx_massage) refers to stm32f4xx_hal_can.o(i.HAL_CAN_GetRxMessage) for HAL_CAN_GetRxMessage
[...]
    ..\Drivers\STM32F4xx_HAL_Driver\Src\stm32f4xx_hal_exti.c 0x00000000   Number         0  stm32f4xx_hal_exti.o ABSOLUTE
    ..\Drivers\STM32F4xx_HAL_Driver\Src\stm32f4xx_hal_flash.c 0x00000000   Number         0  stm32f4xx_hal_flash.o ABSOLUTE
    ..\Drivers\STM32F4xx_HAL_Driver\Src\stm32f4xx_hal_flash_ex.c 0x00000000   Number         0  stm32f4xx_hal_flash_ex.o ABSOLUTE
    ..\Drivers\STM32F4xx_HAL_Driver\Src\stm32f4xx_hal_flash_ramfunc.c 0x00000000   Number         0  stm32f4xx_hal_flash_ramfunc.o ABSOLUTE
    ..\Drivers\STM32F4xx_HAL_Driver\Src\stm32f4xx_hal_gpio.c 0x00000000   Number         0  stm32f4xx_hal_gpio.o ABSOLUTE
    ..\Drivers\STM32F4xx_HAL_Driver\Src\stm32f4xx_hal_pwr.c 0x00000000   Number         0  stm32f4xx_hal_pwr.o ABSOLUTE
    ..\Drivers\STM32F4xx_HAL_Driver\Src\stm32f4xx_hal_pwr_ex.c 0x00000000   Number         0  stm32f4xx_hal_pwr_ex.o ABSOLUTE
    ..\Drivers\STM32F4xx_HAL_Driver\Src\stm32f4xx_hal_rcc.c 0x00000000   Number         0  stm32f4xx_hal_rcc.o ABSOLUTE
    ..\Drivers\STM32F4xx_HAL_Driver\Src\stm32f4xx_hal_rcc_ex.c 0x00000000   Number         0  stm32f4xx_hal_rcc_ex.o ABSOLUTE
    ..\Drivers\STM32F4xx_HAL_Driver\Src\stm32f4xx_hal_uart.c 0x00000000   Number         0  stm32f4xx_hal_uart.o ABSOLUTE
    ..\\Core\\Src\\MotorRM3508Drive.c        0x00000000   Number         0  motorrm3508drive.o ABSOLUTE
    ..\\Core\\Src\\RM3508_motor_contral.c    0x00000000   Number         0  rm3508_motor_contral.o ABSOLUTE
    ..\\Core\\Src\\pid.c                     0x00000000   Number         0  pid.o ABSOLUTE
    dc.s                                     0x00000000   Number         0  dc.o ABSOLUTE
    startup_stm32f407xx.s                    0x00000000   Number         0  startup_stm32f407xx.o ABSOLUTE
    RESET                                    0x08000000   Section      392  startup_stm32f407xx.o(RESET)
    !!!main                                  0x08000188   Section        8  __main.o(!!!main)
    !!!scatter                               0x08000190   Section       52  __scatter.o(!!!scatter)
    !!handler_copy                           0x080001c4   Section       26  __scatter_copy.o(!!handler_copy)
    !!handler_zi                             0x080001e0   Section       28  __scatter_zi.o(!!handler_zi)
    .ARM.Collect$$_printf_percent$$00000000  0x080001fc   Section        0  _printf_percent.o(.ARM.Collect$$_printf_percent$$00000000)
    .ARM.Collect$$_printf_percent$$00000003  0x080001fc   Section        6  _printf_f.o(.ARM.Collect$$_printf_percent$$00000003)
    .ARM.Collect$$_printf_percent$$00000009  0x08000202   Section        6  _printf_d.o(.ARM.Collect$$_printf_percent$$00000009)
    .ARM.Collect$$_printf_percent$$00000017  0x08000208   Section        4  _printf_percent_end.o(.ARM.Collect$$_printf_percent$$00000017)
    .ARM.Collect$$libinit$$00000000          0x0800020c   Section        2  libinit.o(.ARM.Collect$$libinit$$00000000)
    .ARM.Collect$$libinit$$00000001          0x0800020e   Section        4  libinit2.o(.ARM.Collect$$libinit$$00000001)
    .ARM.Collect$$libinit$$00000004          0x08000212   Section        0  libinit2.o(.ARM.Collect$$libinit$$00000004)
    .ARM.Collect$$libinit$$0000000A          0x08000212   Section        0  libinit2.o(.ARM.Collect$$libinit$$0000000A)
    .ARM.Collect$$libinit$$0000000C          0x08000212   Section        0  libinit2.o(.ARM.Collect$$libinit$$0000000C)
    .ARM.Collect$$libinit$$0000000E          0x08000212   Section        0  libinit2.o(.ARM.Collect$$libinit$$0000000E)
    .ARM.Collect$$libinit$$0000000F          0x08000212   Section        6  libinit2.o(.ARM.Collect$$libinit$$0000000F)
    .ARM.Collect$$libinit$$00000011          0x08000218   Section        0  libinit2.o(.ARM.Collect$$libinit$$00000011)
    .ARM.Collect$$libinit$$00000013          0x08000218   Section        0  libinit2.o(.ARM.Collect$$libinit$$00000013)
    .ARM.Collect$$libinit$$00000015          0x08000218   Section        0  libinit2.o(.ARM.Collect$$libinit$$00000015)
    .ARM.Collect$$libinit$$00000016          0x08000218   Section       10  libinit2.o(.ARM.Collect$$libinit$$00000016)
    .ARM.Collect$$libinit$$00000017          0x08000222   Section        0  libinit2.o(.ARM.Collect$$libinit$$00000017)
    .ARM.Collect$$libinit$$00000019          0x08000222   Section        0  libinit2.o(.ARM.Collect$$libinit$$00000019)
    .ARM.Collect$$libinit$$0000001B          0x08000222   Section        0  libinit2.o(.ARM.Collect$$libinit$$0000001B)
    .ARM.Collect$$libinit$$0000001D          0x08000222   Section        0  libinit2.o(.ARM.Collect$$libinit$$0000001D)
    .ARM.Collect$$libinit$$0000001F          0x08000222   Section        0  libinit2.o(.ARM.Collect$$libinit$$0000001F)
    .ARM.Collect$$libinit$$00000021          0x08000222   Section        0  libinit2.o(.ARM.Collect$$libinit$$00000021)
    .ARM.Collect$$libinit$$00000023          0x08000222   Section        0  libinit2.o(.ARM.Collect$$libinit$$00000023)
    .ARM.Collect$$libinit$$00000025          0x08000222   Section        0  libinit2.o(.ARM.Collect$$libinit$$00000025)
    .ARM.Collect$$libinit$$0000002C          0x08000222   Section        0  libinit2.o(.ARM.Collect$$libinit$$0000002C)
    .ARM.Collect$$libinit$$0000002E          0x08000222   Section        0  libinit2.o(.ARM.Collect$$libinit$$0000002E)
    .ARM.Collect$$libinit$$00000030          0x08000222   Section        0  libinit2.o(.ARM.Collect$$libinit$$00000030)
    .ARM.Collect$$libinit$$00000032          0x08000222   Section        0  libinit2.o(.ARM.Collect$$libinit$$00000032)
    .ARM.Collect$$libinit$$00000033          0x08000222   Section        2  libinit2.o(.ARM.Collect$$libinit$$00000033)
    .ARM.Collect$$libshutdown$$00000000      0x08000224   Section        2  libshutdown.o(.ARM.Collect$$libshutdown$$00000000)
    .ARM.Collect$$libshutdown$$00000002      0x08000226   Section        0  libshutdown2.o(.ARM.Collect$$libshutdown$$00000002)
    .ARM.Collect$$libshutdown$$00000004      0x08000226   Section        0  libshutdown2.o(.ARM.Collect$$libshutdown$$00000004)
    .ARM.Collect$$libshutdown$$00000007      0x08000226   Section        0  libshutdown2.o(.ARM.Collect$$libshutdown$$00000007)
    .ARM.Collect$$libshutdown$$0000000A      0x08000226   Section        0  libshutdown2.o(.ARM.Collect$$libshutdown$$0000000A)
    .ARM.Collect$$libshutdown$$0000000C      0x08000226   Section        0  libshutdown2.o(.ARM.Collect$$libshutdown$$0000000C)
    .ARM.Collect$$libshutdown$$0000000F      0x08000226   Section        0  libshutdown2.o(.ARM.Collect$$libshutdown$$0000000F)
    .ARM.Collect$$libshutdown$$00000010      0x08000226   Section        2  libshutdown2.o(.ARM.Collect$$libshutdown$$00000010)
    .ARM.Collect$$rtentry$$00000000          0x08000228   Section        0  __rtentry.o(.ARM.Collect$$rtentry$$00000000)
    .ARM.Collect$$rtentry$$00000002          0x08000228   Section        0  __rtentry2.o(.ARM.Collect$$rtentry$$00000002)
    .ARM.Collect$$rtentry$$00000004          0x08000228   Section        6  __rtentry4.o(.ARM.Collect$$rtentry$$00000004)
    .ARM.Collect$$rtentry$$00000009          0x0800022e   Section        0  __rtentry2.o(.ARM.Collect$$rtentry$$00000009)
    .ARM.Collect$$rtentry$$0000000A          0x0800022e   Section        4  __rtentry2.o(.ARM.Collect$$rtentry$$0000000A)
    .ARM.Collect$$rtentry$$0000000C          0x08000232   Section        0  __rtentry2.o(.ARM.Collect$$rtentry$$0000000C)
    .ARM.Collect$$rtentry$$0000000D          0x08000232   Section        8  __rtentry2.o(.ARM.Collect$$rtentry$$0000000D)
    .ARM.Collect$$rtexit$$00000000           0x0800023a   Section        2  rtexit.o(.ARM.Collect$$rtexit$$00000000)
    .ARM.Collect$$rtexit$$00000002           0x0800023c   Section        0  rtexit2.o(.ARM.Collect$$rtexit$$00000002)
    .ARM.Collect$$rtexit$$00000003           0x0800023c   Section        4  rtexit2.o(.ARM.Collect$$rtexit$$00000003)
    .ARM.Collect$$rtexit$$00000004           0x08000240   Section        6  rtexit2.o(.ARM.Collect$$rtexit$$00000004)
    .text                                    0x08000248   Section       64  startup_stm32f407xx.o(.text)
    $v0                                      0x08000248   Number         0  startup_stm32f407xx.o(.text)
    .text                                    0x08000288   Section      238  lludivv7m.o(.text)
    .text                                    0x08000378   Section        0  noretval__2sprintf.o(.text)
    .text                                    0x080003a0   Section        0  _printf_dec.o(.text)
    .text                                    0x08000418   Section        0  __printf_wp.o(.text)
    .text                                    0x08000526   Section        0  strlen.o(.text)
    .text                                    0x08000564   Section      100  rt_memcpy_w.o(.text)
    .text                                    0x080005c8   Section       78  rt_memclr_w.o(.text)
    .text                                    0x08000616   Section        0  heapauxi.o(.text)
    .text                                    0x0800061c   Section        0  _printf_intcommon.o(.text)
    .text                                    0x080006ce   Section        0  _printf_fp_dec.o(.text)
    _fp_digits                               0x080006d1   Thumb Code   432  _printf_fp_dec.o(.text)
    .text                                    0x08000aec   Section        0  _printf_char_common.o(.text)
    _printf_input_char                       0x08000aed   Thumb Code    10  _printf_char_common.o(.text)
    .text                                    0x08000b1c   Section        0  _sputc.o(.text)
    .text                                    0x08000b28   Section        8  rt_locale_intlibspace.o(.text)
    .text                                    0x08000b30   Section      138  lludiv10.o(.text)
    .text                                    0x08000bbc   Section        0  _printf_fp_infnan.o(.text)
    .text                                    0x08000c3c   Section        0  bigflt0.o(.text)
    .text                                    0x08000d20   Section        8  libspace.o(.text)
    .text                                    0x08000d28   Section       74  sys_stackheap_outer.o(.text)
    .text                                    0x08000d72   Section        0  exit.o(.text)
    .text                                    0x08000d84   Section      128  strcmpv7m.o(.text)
    .text                                    0x08000e04   Section        0  sys_exit.o(.text)
    .text                                    0x08000e10   Section        2  use_no_semi.o(.text)
    .text                                    0x08000e12   Section        0  indicate_semi.o(.text)
    CL$$btod_d2e                             0x08000e12   Section       62  btod.o(CL$$btod_d2e)
    CL$$btod_d2e_denorm_low                  0x08000e50   Section       70  btod.o(CL$$btod_d2e_denorm_low)
    CL$$btod_d2e_norm_op1                    0x08000e96   Section       96  btod.o(CL$$btod_d2e_norm_op1)
    CL$$btod_div_common                      0x08000ef6   Section      824  btod.o(CL$$btod_div_common)
    CL$$btod_e2e                             0x0800122e   Section      220  btod.o(CL$$btod_e2e)
    CL$$btod_ediv                            0x0800130a   Section       42  btod.o(CL$$btod_ediv)
    CL$$btod_emul                            0x08001334   Section       42  btod.o(CL$$btod_emul)
    CL$$btod_mult_common                     0x0800135e   Section      580  btod.o(CL$$btod_mult_common)
    i.BusFault_Handler                       0x080015a2   Section        0  stm32f4xx_it.o(i.BusFault_Handler)
    i.CAN1_RX0_IRQHandler                    0x080015a4   Section        0  stm32f4xx_it.o(i.CAN1_RX0_IRQHandler)
    i.DebugMon_Handler                       0x080015b0   Section        0  stm32f4xx_it.o(i.DebugMon_Handler)
    i.HAL_CAN_ActivateNotification           0x080015b2   Section        0  stm32f4xx_hal_can.o(i.HAL_CAN_ActivateNotification)
    i.HAL_CAN_AddTxMessage                   0x080015d6   Section        0  stm32f4xx_hal_can.o(i.HAL_CAN_AddTxMessage)
    i.HAL_CAN_ConfigFilter                   0x08001694   Section        0  stm32f4xx_hal_can.o(i.HAL_CAN_ConfigFilter)
    i.HAL_CAN_ErrorCallback                  0x080017a0   Section        0  stm32f4xx_hal_can.o(i.HAL_CAN_ErrorCallback)
    i.HAL_CAN_GetRxMessage                   0x080017a2   Section        0  stm32f4xx_hal_can.o(i.HAL_CAN_GetRxMessage)
    i.HAL_CAN_IRQHandler                     0x08001896   Section        0  stm32f4xx_hal_can.o(i.HAL_CAN_IRQHandler)
    i.HAL_CAN_Init                           0x08001a92   Section        0  stm32f4xx_hal_can.o(i.HAL_CAN_Init)
    i.HAL_CAN_MspInit                        0x08001bac   Section        0  stm32f4xx_hal_msp.o(i.HAL_CAN_MspInit)
    i.HAL_CAN_RxFifo0FullCallback            0x08001c24   Section        0  stm32f4xx_hal_can.o(i.HAL_CAN_RxFifo0FullCallback)
    i.HAL_CAN_RxFifo0MsgPendingCallback      0x08001c28   Section        0  motorrm3508drive.o(i.HAL_CAN_RxFifo0MsgPendingCallback)
    i.HAL_CAN_RxFifo1FullCallback            0x08001c6c   Section        0  stm32f4xx_hal_can.o(i.HAL_CAN_RxFifo1FullCallback)
    i.HAL_CAN_RxFifo1MsgPendingCallback      0x08001c70   Section        0  motorrm3508drive.o(i.HAL_CAN_RxFifo1MsgPendingCallback)
    i.HAL_CAN_SleepCallback                  0x08001cb4   Section        0  stm32f4xx_hal_can.o(i.HAL_CAN_SleepCallback)
    i.HAL_CAN_Start                          0x08001cb8   Section        0  stm32f4xx_hal_can.o(i.HAL_CAN_Start)
    i.HAL_CAN_TxMailbox0AbortCallback        0x08001d10   Section        0  stm32f4xx_hal_can.o(i.HAL_CAN_TxMailbox0AbortCallback)
    i.HAL_CAN_TxMailbox0CompleteCallback     0x08001d12   Section        0  stm32f4xx_hal_can.o(i.HAL_CAN_TxMailbox0CompleteCallback)
    i.HAL_CAN_TxMailbox1AbortCallback        0x08001d14   Section        0  stm32f4xx_hal_can.o(i.HAL_CAN_TxMailbox1AbortCallback)
    i.HAL_CAN_TxMailbox1CompleteCallback     0x08001d16   Section        0  stm32f4xx_hal_can.o(i.HAL_CAN_TxMailbox1CompleteCallback)
    i.HAL_CAN_TxMailbox2AbortCallback        0x08001d18   Section        0  stm32f4xx_hal_can.o(i.HAL_CAN_TxMailbox2AbortCallback)
    i.HAL_CAN_TxMailbox2CompleteCallback     0x08001d1a   Section        0  stm32f4xx_hal_can.o(i.HAL_CAN_TxMailbox2CompleteCallback)
    i.HAL_CAN_WakeUpFromRxMsgCallback        0x08001d1c   Section        0  stm32f4xx_hal_can.o(i.HAL_CAN_WakeUpFromRxMsgCallback)
    i.HAL_DMA_Abort                          0x08001d1e   Section        0  stm32f4xx_hal_dma.o(i.HAL_DMA_Abort)
    i.HAL_DMA_Abort_IT                       0x08001db0   Section        0  stm32f4xx_hal_dma.o(i.HAL_DMA_Abort_IT)
    i.HAL_Delay                              0x08001dd4   Section        0  stm32f4xx_hal.o(i.HAL_Delay)
    i.HAL_GPIO_Init                          0x08001df8   Section        0  stm32f4xx_hal_gpio.o(i.HAL_GPIO_Init)
    i.HAL_GPIO_WritePin                      0x08001fe8   Section        0  stm32f4xx_hal_gpio.o(i.HAL_GPIO_WritePin)
    i.HAL_GetTick                            0x08001ff4   Section        0  stm32f4xx_hal.o(i.HAL_GetTick)
    i.HAL_IncTick                            0x08002000   Section        0  stm32f4xx_hal.o(i.HAL_IncTick)
    i.HAL_Init                               0x08002010   Section        0  stm32f4xx_hal.o(i.HAL_Init)
    i.HAL_InitTick                           0x08002044   Section        0  stm32f4xx_hal.o(i.HAL_InitTick)
    i.HAL_MspInit                            0x08002084   Section        0  stm32f4xx_hal_msp.o(i.HAL_MspInit)
    i.HAL_NVIC_EnableIRQ                     0x080020b4   Section        0  stm32f4xx_hal_cortex.o(i.HAL_NVIC_EnableIRQ)
    i.HAL_NVIC_SetPriority                   0x080020d0   Section        0  stm32f4xx_hal_cortex.o(i.HAL_NVIC_SetPriority)
    i.HAL_NVIC_SetPriorityGrouping           0x08002110   Section        0  stm32f4xx_hal_cortex.o(i.HAL_NVIC_SetPriorityGrouping)
    i.HAL_RCC_ClockConfig                    0x08002134   Section        0  stm32f4xx_hal_rcc.o(i.HAL_RCC_ClockConfig)
    i.HAL_RCC_GetPCLK1Freq                   0x08002268   Section        0  stm32f4xx_hal_rcc.o(i.HAL_RCC_GetPCLK1Freq)
    i.HAL_RCC_GetPCLK2Freq                   0x08002288   Section        0  stm32f4xx_hal_rcc.o(i.HAL_RCC_GetPCLK2Freq)
    i.HAL_RCC_GetSysClockFreq                0x080022a8   Section        0  stm32f4xx_hal_rcc.o(i.HAL_RCC_GetSysClockFreq)
    i.HAL_RCC_OscConfig                      0x0800230c   Section        0  stm32f4xx_hal_rcc.o(i.HAL_RCC_OscConfig)
    i.HAL_SYSTICK_Config                     0x08002678   Section        0  stm32f4xx_hal_cortex.o(i.HAL_SYSTICK_Config)
    i.HAL_UARTEx_RxEventCallback             0x080026a0   Section        0  stm32f4xx_hal_uart.o(i.HAL_UARTEx_RxEventCallback)
    i.HAL_UART_ErrorCallback                 0x080026a2   Section        0  stm32f4xx_hal_uart.o(i.HAL_UART_ErrorCallback)
    i.HAL_UART_IRQHandler                    0x080026a4   Section        0  stm32f4xx_hal_uart.o(i.HAL_UART_IRQHandler)
    i.HAL_UART_Init                          0x08002924   Section        0  stm32f4xx_hal_uart.o(i.HAL_UART_Init)
    i.HAL_UART_MspInit                       0x08002988   Section        0  stm32f4xx_hal_msp.o(i.HAL_UART_MspInit)
    i.HAL_UART_Receive_IT                    0x08002a28   Section        0  stm32f4xx_hal_uart.o(i.HAL_UART_Receive_IT)
    i.HAL_UART_RxCpltCallback                0x08002a44   Section        0  main.o(i.HAL_UART_RxCpltCallback)
    i.HAL_UART_Transmit                      0x08002a9c   Section        0  stm32f4xx_hal_uart.o(i.HAL_UART_Transmit)
    i.HAL_UART_TxCpltCallback                0x08002b3c   Section        0  stm32f4xx_hal_uart.o(i.HAL_UART_TxCpltCallback)
    i.HardFault_Handler                      0x08002b3e   Section        0  stm32f4xx_it.o(i.HardFault_Handler)
    i.MX_CAN1_Init                           0x08002b40   Section        0  main.o(i.MX_CAN1_Init)
    MX_CAN1_Init                             0x08002b41   Thumb Code    54  main.o(i.MX_CAN1_Init)
    i.MX_GPIO_Init                           0x08002b80   Section        0  main.o(i.MX_GPIO_Init)
    MX_GPIO_Init                             0x08002b81   Thumb Code   144  main.o(i.MX_GPIO_Init)
    i.MemManage_Handler                      0x08002c1c   Section        0  stm32f4xx_it.o(i.MemManage_Handler)
    i.NMI_Handler                            0x08002c1e   Section        0  stm32f4xx_it.o(i.NMI_Handler)
    i.PID_after_process                      0x08002c20   Section        0  pid.o(i.PID_after_process)
    i.PID_compute                            0x08002c70   Section        0  pid.o(i.PID_compute)
    i.PID_compute_co                         0x08002cc8   Section        0  pid.o(i.PID_compute_co)
    i.PID_init                               0x08002d18   Section        0  pid.o(i.PID_init)
    i.PID_pre_process                        0x08002d50   Section        0  pid.o(i.PID_pre_process)
    i.PendSV_Handler                         0x08002e34   Section        0  stm32f4xx_it.o(i.PendSV_Handler)
    i.RM3508_Motor_SetAngle                  0x08002e38   Section        0  rm3508_motor_contral.o(i.RM3508_Motor_SetAngle)
    i.RM3508_Motor_SetSpeed                  0x08002e80   Section        0  rm3508_motor_contral.o(i.RM3508_Motor_SetSpeed)
    i.RM3508_PID_Motor_Init                  0x08002ef0   Section        0  rm3508_motor_contral.o(i.RM3508_PID_Motor_Init)
    i.SVC_Handler                            0x08002f70   Section        0  stm32f4xx_it.o(i.SVC_Handler)
    i.SysTick_Handler                        0x08002f72   Section        0  stm32f4xx_it.o(i.SysTick_Handler)
    i.SystemClock_Config                     0x08002f78   Section        0  main.o(i.SystemClock_Config)
    i.SystemInit                             0x0800300c   Section        0  system_stm32f4xx.o(i.SystemInit)
    i.UART_DMAAbortOnError                   0x0800301c   Section        0  stm32f4xx_hal_uart.o(i.UART_DMAAbortOnError)
    UART_DMAAbortOnError                     0x0800301d   Thumb Code    14  stm32f4xx_hal_uart.o(i.UART_DMAAbortOnError)
    i.UART_EndRxTransfer                     0x0800302a   Section        0  stm32f4xx_hal_uart.o(i.UART_EndRxTransfer)
    UART_EndRxTransfer                       0x0800302b   Thumb Code    78  stm32f4xx_hal_uart.o(i.UART_EndRxTransfer)
    i.UART_Receive_IT                        0x08003078   Section        0  stm32f4xx_hal_uart.o(i.UART_Receive_IT)
    UART_Receive_IT                          0x08003079   Thumb Code   194  stm32f4xx_hal_uart.o(i.UART_Receive_IT)
    i.UART_SetConfig                         0x0800313c   Section        0  stm32f4xx_hal_uart.o(i.UART_SetConfig)
    UART_SetConfig                           0x0800313d   Thumb Code   258  stm32f4xx_hal_uart.o(i.UART_SetConfig)
    i.UART_Start_Receive_IT                  0x08003248   Section        0  stm32f4xx_hal_uart.o(i.UART_Start_Receive_IT)
    i.UART_WaitOnFlagUntilTimeout            0x0800327e   Section        0  stm32f4xx_hal_uart.o(i.UART_WaitOnFlagUntilTimeout)
    UART_WaitOnFlagUntilTimeout              0x0800327f   Thumb Code   114  stm32f4xx_hal_uart.o(i.UART_WaitOnFlagUntilTimeout)
    i.USART1_IRQHandler                      0x080032f0   Section        0  stm32f4xx_it.o(i.USART1_IRQHandler)
    i.UsageFault_Handler                     0x080032fc   Section        0  stm32f4xx_it.o(i.UsageFault_Handler)
    i.__ARM_fpclassify                       0x080032fe   Section        0  fpclassify.o(i.__ARM_fpclassify)
    i.__NVIC_SetPriority                     0x0800332e   Section        0  stm32f4xx_hal_cortex.o(i.__NVIC_SetPriority)
    __NVIC_SetPriority                       0x0800332f   Thumb Code    32  stm32f4xx_hal_cortex.o(i.__NVIC_SetPriority)
    i._is_digit                              0x0800334e   Section        0  __printf_wp.o(i._is_digit)
    i.fedforward_compute                     0x0800335c   Section        0  pid.o(i.fedforward_compute)
    i.main                                   0x08003394   Section        0  main.o(i.main)
    i.moter_rm3508_tx_massage                0x0800342c   Section        0  motorrm3508drive.o(i.moter_rm3508_tx_massage)
    i.motor_RM3508_Init                      0x08003470   Section        0  motorrm3508drive.o(i.motor_RM3508_Init)
    i.motor_rm3508_MSgPendingCallback        0x08003524   Section        0  main.o(i.motor_rm3508_MSgPendingCallback)
    i.motor_rm3508_rx_massage                0x08003568   Section        0  motorrm3508drive.o(i.motor_rm3508_rx_massage)
    i.pid_sp_set                             0x080035e8   Section        0  pid.o(i.pid_sp_set)
    i.receive_date                           0x080035f0   Section        0  rm3508_motor_contral.o(i.receive_date)
    locale$$code                             0x08003614   Section       44  lc_numeric_c.o(locale$$code)
    x$fpl$dretinf                            0x08003640   Section       12  dretinf.o(x$fpl$dretinf)
    $v0                                      0x08003640   Number         0  dretinf.o(x$fpl$dretinf)
    x$fpl$f2d                                0x0800364c   Section       86  f2d.o(x$fpl$f2d)
    $v0                                      0x0800364c   Number         0  f2d.o(x$fpl$f2d)
    x$fpl$ffltll                             0x080036a2   Section       96  ffltll_clz.o(x$fpl$ffltll)
    $v0                                      0x080036a2   Number         0  ffltll_clz.o(x$fpl$ffltll)
    x$fpl$fnaninf                            0x08003702   Section      140  fnaninf.o(x$fpl$fnaninf)
    $v0                                      0x08003702   Number         0  fnaninf.o(x$fpl$fnaninf)
    x$fpl$fpinit                             0x0800378e   Section       10  fpinit.o(x$fpl$fpinit)
    $v0                                      0x0800378e   Number         0  fpinit.o(x$fpl$fpinit)
    x$fpl$printf1                            0x08003798   Section        4  printf1.o(x$fpl$printf1)
    $v0                                      0x08003798   Number         0  printf1.o(x$fpl$printf1)
    .constdata                               0x0800379c   Section       28  pid.o(.constdata)
    x$fpl$usenofp                            0x0800379c   Section        0  usenofp.o(x$fpl$usenofp)
    .constdata                               0x080037b8   Section       16  system_stm32f4xx.o(.constdata)
    .constdata                               0x080037c8   Section        8  system_stm32f4xx.o(.constdata)
    .constdata                               0x080037d0   Section      148  bigflt0.o(.constdata)
    tenpwrs_x                                0x080037d0   Data          60  bigflt0.o(.constdata)
    tenpwrs_i                                0x0800380c   Data          64  bigflt0.o(.constdata)
    locale$$data                             0x08003884   Section       28  lc_numeric_c.o(locale$$data)
    __lcnum_c_name                           0x08003888   Data           2  lc_numeric_c.o(locale$$data)
    __lcnum_c_start                          0x08003890   Data           0  lc_numeric_c.o(locale$$data)
    __lcnum_c_point                          0x0800389c   Data           0  lc_numeric_c.o(locale$$data)
    __lcnum_c_thousands                      0x0800389e   Data           0  lc_numeric_c.o(locale$$data)
    __lcnum_c_grouping                       0x0800389f   Data           0  lc_numeric_c.o(locale$$data)
    __lcnum_c_end                            0x080038a0   Data           0  lc_numeric_c.o(locale$$data)
    .data                                    0x20000000   Section        8  motorrm3508drive.o(.data)
    fifo_number                              0x20000000   Data           1  motorrm3508drive.o(.data)
    Rxfifo                                   0x20000004   Data           4  motorrm3508drive.o(.data)
    .data                                    0x20000008   Section       16  rm3508_motor_contral.o(.data)
    .data                                    0x20000018   Section      107  main.o(.data)
    .data                                    0x20000084   Section       12  stm32f4xx_hal.o(.data)
    .data                                    0x20000090   Section        4  system_stm32f4xx.o(.data)
    .bss                                     0x20000094   Section      276  motorrm3508drive.o(.bss)
    tx_header_motor                          0x20000094   Data          24  motorrm3508drive.o(.bss)
    rx_header_motor                          0x200000ac   Data         112  motorrm3508drive.o(.bss)
    sFilterConfig                            0x2000011c   Data          40  motorrm3508drive.o(.bss)
    hcan                                     0x20000144   Data          40  motorrm3508drive.o(.bss)
    .bss                                     0x200001a8   Section      144  rm3508_motor_contral.o(.bss)
    .bss                                     0x20000238   Section      112  main.o(.bss)
    .bss                                     0x200002a8   Section       96  libspace.o(.bss)
    HEAP                                     0x20000308   Section      512  startup_stm32f407xx.o(HEAP)
    Heap_Mem                                 0x20000308   Data         512  startup_stm32f407xx.o(HEAP)
    STACK                                    0x20000508   Section     1024  startup_stm32f407xx.o(STACK)
    Stack_Mem                                0x20000508   Data        1024  startup_stm32f407xx.o(STACK)
    __initial_sp                             0x20000908   Data           0  startup_stm32f407xx.o(STACK)

    Global Symbols

    Symbol Name                              Value     Ov Type        Size  Object(Section)

    BuildAttributes$$THM_ISAv4$E$P$D$K$B$S$7EM$VFPi3$EXTD16$VFPS$VFMA$PE$A:L22UL41UL21$X:L11$S22US41US21$IEEE1$IW$USESV6$~STKCKD$USESV7$~SHL$OTIME$ROPI$IEEEJ$EBA8$UX$STANDARDLIB$REQ8$PRES8$EABIv2 0x00000000   Number         0  anon$$obj.o ABSOLUTE
    __ARM_use_no_argv                        0x00000000   Number         0  main.o ABSOLUTE
    _printf_flags                            0x00000000   Number         0  printf_stubs.o ABSOLUTE
    _printf_return_value                     0x00000000   Number         0  printf_stubs.o ABSOLUTE
    _printf_sizespec                         0x00000000   Number         0  printf_stubs.o ABSOLUTE
    _printf_widthprec                        0x00000000   Number         0  printf_stubs.o ABSOLUTE
    __ARM_exceptions_init                     - Undefined Weak Reference
    __alloca_initialize                       - Undefined Weak Reference
    __arm_preinit_                            - Undefined Weak Reference
    __cpp_initialize__aeabi_                  - Undefined Weak Reference
    __cxa_finalize                            - Undefined Weak Reference
    __sigvec_lookup                           - Undefined Weak Reference
    _atexit_init                              - Undefined Weak Reference
    _call_atexit_fns                          - Undefined Weak Reference
    _clock_init                               - Undefined Weak Reference
    _fp_trap_init                             - Undefined Weak Reference
    _fp_trap_shutdown                         - Undefined Weak Reference
    _get_lc_collate                           - Undefined Weak Reference
    _get_lc_ctype                             - Undefined Weak Reference
    _get_lc_monetary                          - Undefined Weak Reference
    _get_lc_time                              - Undefined Weak Reference
    _getenv_init                              - Undefined Weak Reference
    _handle_redirection                       - Undefined Weak Reference
    _init_alloc                               - Undefined Weak Reference
    _init_user_alloc                          - Undefined Weak Reference
    _initio                                   - Undefined Weak Reference
    _printf_post_padding                      - Undefined Weak Reference
    _printf_pre_padding                       - Undefined Weak Reference
    _printf_truncate_signed                   - Undefined Weak Reference
    _printf_truncate_unsigned                 - Undefined Weak Reference
    _rand_init                                - Undefined Weak Reference
    _signal_finish                            - Undefined Weak Reference
    _signal_init                              - Undefined Weak Reference
    _terminate_alloc                          - Undefined Weak Reference
    _terminate_user_alloc                     - Undefined Weak Reference
    _terminateio                              - Undefined Weak Reference
    __Vectors_Size                           0x00000188   Number         0  startup_stm32f407xx.o ABSOLUTE
    __Vectors                                0x08000000   Data           4  startup_stm32f407xx.o(RESET)
    __Vectors_End                            0x08000188   Data           0  startup_stm32f407xx.o(RESET)
    __main                                   0x08000189   Thumb Code     8  __main.o(!!!main)
    __scatterload                            0x08000191   Thumb Code     0  __scatter.o(!!!scatter)
    __scatterload_rt2                        0x08000191   Thumb Code    44  __scatter.o(!!!scatter)
    __scatterload_rt2_thumb_only             0x08000191   Thumb Code     0  __scatter.o(!!!scatter)
    __scatterload_null                       0x0800019f   Thumb Code     0  __scatter.o(!!!scatter)
    __scatterload_copy                       0x080001c5   Thumb Code    26  __scatter_copy.o(!!handler_copy)
    __scatterload_zeroinit                   0x080001e1   Thumb Code    28  __scatter_zi.o(!!handler_zi)
    _printf_f                                0x080001fd   Thumb Code     0  _printf_f.o(.ARM.Collect$$_printf_percent$$00000003)
    _printf_percent                          0x080001fd   Thumb Code     0  _printf_percent.o(.ARM.Collect$$_printf_percent$$00000000)
    _printf_d                                0x08000203   Thumb Code     0  _printf_d.o(.ARM.Collect$$_printf_percent$$00000009)
    _printf_percent_end                      0x08000209   Thumb Code     0  _printf_percent_end.o(.ARM.Collect$$_printf_percent$$00000017)
    __rt_lib_init                            0x0800020d   Thumb Code     0  libinit.o(.ARM.Collect$$libinit$$00000000)
    __rt_lib_init_fp_1                       0x0800020f   Thumb Code     0  libinit2.o(.ARM.Collect$$libinit$$00000001)
    __rt_lib_init_heap_1                     0x08000213   Thumb Code     0  libinit2.o(.ARM.Collect$$libinit$$0000000A)
    __rt_lib_init_lc_common                  0x08000213   Thumb Code     0  libinit2.o(.ARM.Collect$$libinit$$0000000F)
    __rt_lib_init_preinit_1                  0x08000213   Thumb Code     0  libinit2.o(.ARM.Collect$$libinit$$00000004)
    __rt_lib_init_rand_1                     0x08000213   Thumb Code     0  libinit2.o(.ARM.Collect$$libinit$$0000000E)
    __rt_lib_init_user_alloc_1               0x08000213   Thumb Code     0  libinit2.o(.ARM.Collect$$libinit$$0000000C)
    __rt_lib_init_lc_collate_1               0x08000219   Thumb Code     0  libinit2.o(.ARM.Collect$$libinit$$00000011)
    __rt_lib_init_lc_ctype_1                 0x08000219   Thumb Code     0  libinit2.o(.ARM.Collect$$libinit$$00000013)
    __rt_lib_init_lc_monetary_1              0x08000219   Thumb Code     0  libinit2.o(.ARM.Collect$$libinit$$00000015)
    __rt_lib_init_lc_numeric_2               0x08000219   Thumb Code     0  libinit2.o(.ARM.Collect$$libinit$$00000016)
    __rt_lib_init_alloca_1                   0x08000223   Thumb Code     0  libinit2.o(.ARM.Collect$$libinit$$0000002E)
    __rt_lib_init_argv_1                     0x08000223   Thumb Code     0  libinit2.o(.ARM.Collect$$libinit$$0000002C)
    __rt_lib_init_atexit_1                   0x08000223   Thumb Code     0  libinit2.o(.ARM.Collect$$libinit$$0000001B)
    __rt_lib_init_clock_1                    0x08000223   Thumb Code     0  libinit2.o(.ARM.Collect$$libinit$$00000021)
    __rt_lib_init_cpp_1                      0x08000223   Thumb Code     0  libinit2.o(.ARM.Collect$$libinit$$00000032)
    __rt_lib_init_exceptions_1               0x08000223   Thumb Code     0  libinit2.o(.ARM.Collect$$libinit$$00000030)
    __rt_lib_init_fp_trap_1                  0x08000223   Thumb Code     0  libinit2.o(.ARM.Collect$$libinit$$0000001F)
    __rt_lib_init_getenv_1                   0x08000223   Thumb Code     0  libinit2.o(.ARM.Collect$$libinit$$00000023)
    __rt_lib_init_lc_numeric_1               0x08000223   Thumb Code     0  libinit2.o(.ARM.Collect$$libinit$$00000017)
    __rt_lib_init_lc_time_1                  0x08000223   Thumb Code     0  libinit2.o(.ARM.Collect$$libinit$$00000019)
    __rt_lib_init_return                     0x08000223   Thumb Code     0  libinit2.o(.ARM.Collect$$libinit$$00000033)
    __rt_lib_init_signal_1                   0x08000223   Thumb Code     0  libinit2.o(.ARM.Collect$$libinit$$0000001D)
    __rt_lib_init_stdio_1                    0x08000223   Thumb Code     0  libinit2.o(.ARM.Collect$$libinit$$00000025)
    __rt_lib_shutdown                        0x08000225   Thumb Code     0  libshutdown.o(.ARM.Collect$$libshutdown$$00000000)
    __rt_lib_shutdown_cpp_1                  0x08000227   Thumb Code     0  libshutdown2.o(.ARM.Collect$$libshutdown$$00000002)
    __rt_lib_shutdown_fp_trap_1              0x08000227   Thumb Code     0  libshutdown2.o(.ARM.Collect$$libshutdown$$00000007)
    __rt_lib_shutdown_heap_1                 0x08000227   Thumb Code     0  libshutdown2.o(.ARM.Collect$$libshutdown$$0000000F)
    __rt_lib_shutdown_return                 0x08000227   Thumb Code     0  libshutdown2.o(.ARM.Collect$$libshutdown$$00000010)
    __rt_lib_shutdown_signal_1               0x08000227   Thumb Code     0  libshutdown2.o(.ARM.Collect$$libshutdown$$0000000A)
    __rt_lib_shutdown_stdio_1                0x08000227   Thumb Code     0  libshutdown2.o(.ARM.Collect$$libshutdown$$00000004)
    __rt_lib_shutdown_user_alloc_1           0x08000227   Thumb Code     0  libshutdown2.o(.ARM.Collect$$libshutdown$$0000000C)
    __rt_entry                               0x08000229   Thumb Code     0  __rtentry.o(.ARM.Collect$$rtentry$$00000000)
    __rt_entry_presh_1                       0x08000229   Thumb Code     0  __rtentry2.o(.ARM.Collect$$rtentry$$00000002)
    __rt_entry_sh                            0x08000229   Thumb Code     0  __rtentry4.o(.ARM.Collect$$rtentry$$00000004)
    __rt_entry_li                            0x0800022f   Thumb Code     0  __rtentry2.o(.ARM.Collect$$rtentry$$0000000A)
    __rt_entry_postsh_1                      0x0800022f   Thumb Code     0  __rtentry2.o(.ARM.Collect$$rtentry$$00000009)
    __rt_entry_main                          0x08000233   Thumb Code     0  __rtentry2.o(.ARM.Collect$$rtentry$$0000000D)
    __rt_entry_postli_1                      0x08000233   Thumb Code     0  __rtentry2.o(.ARM.Collect$$rtentry$$0000000C)
    __rt_exit                                0x0800023b   Thumb Code     0  rtexit.o(.ARM.Collect$$rtexit$$00000000)
    __rt_exit_ls                             0x0800023d   Thumb Code     0  rtexit2.o(.ARM.Collect$$rtexit$$00000003)
    __rt_exit_prels_1                        0x0800023d   Thumb Code     0  rtexit2.o(.ARM.Collect$$rtexit$$00000002)
    __rt_exit_exit                           0x08000241   Thumb Code     0  rtexit2.o(.ARM.Collect$$rtexit$$00000004)
    Reset_Handler                            0x08000249   Thumb Code     8  startup_stm32f407xx.o(.text)
    ADC_IRQHandler                           0x08000263   Thumb Code     0  startup_stm32f407xx.o(.text)
    CAN1_RX1_IRQHandler                      0x08000263   Thumb Code     0  startup_stm32f407xx.o(.text)
    CAN1_SCE_IRQHandler                      0x08000263   Thumb Code     0  startup_stm32f407xx.o(.text)
    CAN1_TX_IRQHandler                       0x08000263   Thumb Code     0  startup_stm32f407xx.o(.text)
    CAN2_RX0_IRQHandler                      0x08000263   Thumb Code     0  startup_stm32f407xx.o(.text)
    CAN2_RX1_IRQHandler                      0x08000263   Thumb Code     0  startup_stm32f407xx.o(.text)
    CAN2_SCE_IRQHandler                      0x08000263   Thumb Code     0  startup_stm32f407xx.o(.text)
    CAN2_TX_IRQHandler                       0x08000263   Thumb Code     0  startup_stm32f407xx.o(.text)
    DCMI_IRQHandler                          0x08000263   Thumb Code     0  startup_stm32f407xx.o(.text)
    DMA1_Stream0_IRQHandler                  0x08000263   Thumb Code     0  startup_stm32f407xx.o(.text)
    DMA1_Stream1_IRQHandler                  0x08000263   Thumb Code     0  startup_stm32f407xx.o(.text)
    DMA1_Stream2_IRQHandler                  0x08000263   Thumb Code     0  startup_stm32f407xx.o(.text)
    DMA1_Stream3_IRQHandler                  0x08000263   Thumb Code     0  startup_stm32f407xx.o(.text)
    DMA1_Stream4_IRQHandler                  0x08000263   Thumb Code     0  startup_stm32f407xx.o(.text)
    DMA1_Stream5_IRQHandler                  0x08000263   Thumb Code     0  startup_stm32f407xx.o(.text)
    DMA1_Stream6_IRQHandler                  0x08000263   Thumb Code     0  startup_stm32f407xx.o(.text)
    DMA1_Stream7_IRQHandler                  0x08000263   Thumb Code     0  startup_stm32f407xx.o(.text)
    DMA2_Stream0_IRQHandler                  0x08000263   Thumb Code     0  startup_stm32f407xx.o(.text)
    DMA2_Stream1_IRQHandler                  0x08000263   Thumb Code     0  startup_stm32f407xx.o(.text)
    DMA2_Stream2_IRQHandler                  0x08000263   Thumb Code     0  startup_stm32f407xx.o(.text)
    DMA2_Stream3_IRQHandler                  0x08000263   Thumb Code     0  startup_stm32f407xx.o(.text)
    DMA2_Stream4_IRQHandler                  0x08000263   Thumb Code     0  startup_stm32f407xx.o(.text)
    DMA2_Stream5_IRQHandler                  0x08000263   Thumb Code     0  startup_stm32f407xx.o(.text)
    DMA2_Stream6_IRQHandler                  0x08000263   Thumb Code     0  startup_stm32f407xx.o(.text)
    DMA2_Stream7_IRQHandler                  0x08000263   Thumb Code     0  startup_stm32f407xx.o(.text)
    ETH_IRQHandler                           0x08000263   Thumb Code     0  startup_stm32f407xx.o(.text)
    ETH_WKUP_IRQHandler                      0x08000263   Thumb Code     0  startup_stm32f407xx.o(.text)
    EXTI0_IRQHandler                         0x08000263   Thumb Code     0  startup_stm32f407xx.o(.text)
    EXTI15_10_IRQHandler                     0x08000263   Thumb Code     0  startup_stm32f407xx.o(.text)
    EXTI1_IRQHandler                         0x08000263   Thumb Code     0  startup_stm32f407xx.o(.text)
    EXTI2_IRQHandler                         0x08000263   Thumb Code     0  startup_stm32f407xx.o(.text)
    EXTI3_IRQHandler                         0x08000263   Thumb Code     0  startup_stm32f407xx.o(.text)
    EXTI4_IRQHandler                         0x08000263   Thumb Code     0  startup_stm32f407xx.o(.text)
    EXTI9_5_IRQHandler                       0x08000263   Thumb Code     0  startup_stm32f407xx.o(.text)
    FLASH_IRQHandler                         0x08000263   Thumb Code     0  startup_stm32f407xx.o(.text)
    FMC_IRQHandler                           0x08000263   Thumb Code     0  startup_stm32f407xx.o(.text)
    FPU_IRQHandler                           0x08000263   Thumb Code     0  startup_stm32f407xx.o(.text)
    HASH_RNG_IRQHandler                      0x08000263   Thumb Code     0  startup_stm32f407xx.o(.text)
    I2C1_ER_IRQHandler                       0x08000263   Thumb Code     0  startup_stm32f407xx.o(.text)
    I2C1_EV_IRQHandler                       0x08000263   Thumb Code     0  startup_stm32f407xx.o(.text)
    I2C2_ER_IRQHandler                       0x08000263   Thumb Code     0  startup_stm32f407xx.o(.text)
    I2C2_EV_IRQHandler                       0x08000263   Thumb Code     0  startup_stm32f407xx.o(.text)
    I2C3_ER_IRQHandler                       0x08000263   Thumb Code     0  startup_stm32f407xx.o(.text)
    I2C3_EV_IRQHandler                       0x08000263   Thumb Code     0  startup_stm32f407xx.o(.text)
    OTG_FS_IRQHandler                        0x08000263   Thumb Code     0  startup_stm32f407xx.o(.text)
    OTG_FS_WKUP_IRQHandler                   0x08000263   Thumb Code     0  startup_stm32f407xx.o(.text)
    OTG_HS_EP1_IN_IRQHandler                 0x08000263   Thumb Code     0  startup_stm32f407xx.o(.text)
    OTG_HS_EP1_OUT_IRQHandler                0x08000263   Thumb Code     0  startup_stm32f407xx.o(.text)
    OTG_HS_IRQHandler                        0x08000263   Thumb Code     0  startup_stm32f407xx.o(.text)
    OTG_HS_WKUP_IRQHandler                   0x08000263   Thumb Code     0  startup_stm32f407xx.o(.text)
    PVD_IRQHandler                           0x08000263   Thumb Code     0  startup_stm32f407xx.o(.text)
    RCC_IRQHandler                           0x08000263   Thumb Code     0  startup_stm32f407xx.o(.text)
    RTC_Alarm_IRQHandler                     0x08000263   Thumb Code     0  startup_stm32f407xx.o(.text)
    RTC_WKUP_IRQHandler                      0x08000263   Thumb Code     0  startup_stm32f407xx.o(.text)
    SDIO_IRQHandler                          0x08000263   Thumb Code     0  startup_stm32f407xx.o(.text)
    SPI1_IRQHandler                          0x08000263   Thumb Code     0  startup_stm32f407xx.o(.text)
    SPI2_IRQHandler                          0x08000263   Thumb Code     0  startup_stm32f407xx.o(.text)
    SPI3_IRQHandler                          0x08000263   Thumb Code     0  startup_stm32f407xx.o(.text)
    TAMP_STAMP_IRQHandler                    0x08000263   Thumb Code     0  startup_stm32f407xx.o(.text)
    TIM1_BRK_TIM9_IRQHandler                 0x08000263   Thumb Code     0  startup_stm32f407xx.o(.text)
    TIM1_CC_IRQHandler                       0x08000263   Thumb Code     0  startup_stm32f407xx.o(.text)
    TIM1_TRG_COM_TIM11_IRQHandler            0x08000263   Thumb Code     0  startup_stm32f407xx.o(.text)
    TIM1_UP_TIM10_IRQHandler                 0x08000263   Thumb Code     0  startup_stm32f407xx.o(.text)
    TIM2_IRQHandler                          0x08000263   Thumb Code     0  startup_stm32f407xx.o(.text)
    TIM3_IRQHandler                          0x08000263   Thumb Code     0  startup_stm32f407xx.o(.text)
    TIM4_IRQHandler                          0x08000263   Thumb Code     0  startup_stm32f407xx.o(.text)
    TIM5_IRQHandler                          0x08000263   Thumb Code     0  startup_stm32f407xx.o(.text)
    TIM6_DAC_IRQHandler                      0x08000263   Thumb Code     0  startup_stm32f407xx.o(.text)
    TIM7_IRQHandler                          0x08000263   Thumb Code     0  startup_stm32f407xx.o(.text)
    TIM8_BRK_TIM12_IRQHandler                0x08000263   Thumb Code     0  startup_stm32f407xx.o(.text)
    TIM8_CC_IRQHandler                       0x08000263   Thumb Code     0  startup_stm32f407xx.o(.text)
    TIM8_TRG_COM_TIM14_IRQHandler            0x08000263   Thumb Code     0  startup_stm32f407xx.o(.text)
    TIM8_UP_TIM13_IRQHandler                 0x08000263   Thumb Code     0  startup_stm32f407xx.o(.text)
    UART4_IRQHandler                         0x08000263   Thumb Code     0  startup_stm32f407xx.o(.text)
    UART5_IRQHandler                         0x08000263   Thumb Code     0  startup_stm32f407xx.o(.text)
    USART2_IRQHandler                        0x08000263   Thumb Code     0  startup_stm32f407xx.o(.text)
    USART3_IRQHandler                        0x08000263   Thumb Code     0  startup_stm32f407xx.o(.text)
    USART6_IRQHandler                        0x08000263   Thumb Code     0  startup_stm32f407xx.o(.text)
    WWDG_IRQHandler                          0x08000263   Thumb Code     0  startup_stm32f407xx.o(.text)
    __user_initial_stackheap                 0x08000265   Thumb Code     0  startup_stm32f407xx.o(.text)
    __aeabi_uldivmod                         0x08000289   Thumb Code     0  lludivv7m.o(.text)
    _ll_udiv                                 0x08000289   Thumb Code   238  lludivv7m.o(.text)
    __2sprintf                               0x08000379   Thumb Code    34  noretval__2sprintf.o(.text)
    _printf_int_dec                          0x080003a1   Thumb Code   104  _printf_dec.o(.text)
    __printf                                 0x08000419   Thumb Code   270  __printf_wp.o(.text)
    strlen                                   0x08000527   Thumb Code    62  strlen.o(.text)
    __aeabi_memcpy4                          0x08000565   Thumb Code     0  rt_memcpy_w.o(.text)
    __aeabi_memcpy8                          0x08000565   Thumb Code     0  rt_memcpy_w.o(.text)
    __rt_memcpy_w                            0x08000565   Thumb Code   100  rt_memcpy_w.o(.text)
    _memcpy_lastbytes_aligned                0x080005ad   Thumb Code     0  rt_memcpy_w.o(.text)
    __aeabi_memclr4                          0x080005c9   Thumb Code     0  rt_memclr_w.o(.text)
    __aeabi_memclr8                          0x080005c9   Thumb Code     0  rt_memclr_w.o(.text)
    __rt_memclr_w                            0x080005c9   Thumb Code    78  rt_memclr_w.o(.text)
    _memset_w                                0x080005cd   Thumb Code     0  rt_memclr_w.o(.text)
    __use_two_region_memory                  0x08000617   Thumb Code     2  heapauxi.o(.text)
    __rt_heap_escrow$2region                 0x08000619   Thumb Code     2  heapauxi.o(.text)
    __rt_heap_expand$2region                 0x0800061b   Thumb Code     2  heapauxi.o(.text)
    _printf_int_common                       0x0800061d   Thumb Code   178  _printf_intcommon.o(.text)
    __lib_sel_fp_printf                      0x080006cf   Thumb Code     2  _printf_fp_dec.o(.text)
    _printf_fp_dec_real                      0x08000881   Thumb Code   620  _printf_fp_dec.o(.text)
    _printf_char_common                      0x08000af7   Thumb Code    32  _printf_char_common.o(.text)
    _sputc                                   0x08000b1d   Thumb Code    10  _sputc.o(.text)
    __rt_locale                              0x08000b29   Thumb Code     8  rt_locale_intlibspace.o(.text)
    _ll_udiv10                               0x08000b31   Thumb Code   138  lludiv10.o(.text)
    _printf_fp_infnan                        0x08000bbd   Thumb Code   112  _printf_fp_infnan.o(.text)
    _btod_etento                             0x08000c3d   Thumb Code   224  bigflt0.o(.text)
    __user_libspace                          0x08000d21   Thumb Code     8  libspace.o(.text)
    __user_perproc_libspace                  0x08000d21   Thumb Code     0  libspace.o(.text)
    __user_perthread_libspace                0x08000d21   Thumb Code     0  libspace.o(.text)
    __user_setup_stackheap                   0x08000d29   Thumb Code    74  sys_stackheap_outer.o(.text)
    exit                                     0x08000d73   Thumb Code    18  exit.o(.text)
    strcmp                                   0x08000d85   Thumb Code   128  strcmpv7m.o(.text)
    _sys_exit                                0x08000e05   Thumb Code     8  sys_exit.o(.text)
    __I$use$semihosting                      0x08000e11   Thumb Code     0  use_no_semi.o(.text)
    __use_no_semihosting_swi                 0x08000e11   Thumb Code     2  use_no_semi.o(.text)
    __semihosting_library_function           0x08000e13   Thumb Code     0  indicate_semi.o(.text)
    _btod_d2e                                0x08000e13   Thumb Code    62  btod.o(CL$$btod_d2e)
    _d2e_denorm_low                          0x08000e51   Thumb Code    70  btod.o(CL$$btod_d2e_denorm_low)
    _d2e_norm_op1                            0x08000e97   Thumb Code    96  btod.o(CL$$btod_d2e_norm_op1)
    __btod_div_common                        0x08000ef7   Thumb Code   696  btod.o(CL$$btod_div_common)
    _e2e                                     0x0800122f   Thumb Code   220  btod.o(CL$$btod_e2e)
    _btod_ediv                               0x0800130b   Thumb Code    42  btod.o(CL$$btod_ediv)
    _btod_emul                               0x08001335   Thumb Code    42  btod.o(CL$$btod_emul)
    __btod_mult_common                       0x0800135f   Thumb Code   580  btod.o(CL$$btod_mult_common)
    BusFault_Handler                         0x080015a3   Thumb Code     2  stm32f4xx_it.o(i.BusFault_Handler)
    CAN1_RX0_IRQHandler                      0x080015a5   Thumb Code     6  stm32f4xx_it.o(i.CAN1_RX0_IRQHandler)
    DebugMon_Handler                         0x080015b1   Thumb Code     2  stm32f4xx_it.o(i.DebugMon_Handler)
    HAL_CAN_ActivateNotification             0x080015b3   Thumb Code    36  stm32f4xx_hal_can.o(i.HAL_CAN_ActivateNotification)
    HAL_CAN_AddTxMessage                     0x080015d7   Thumb Code   188  stm32f4xx_hal_can.o(i.HAL_CAN_AddTxMessage)
    HAL_CAN_ConfigFilter                     0x08001695   Thumb Code   262  stm32f4xx_hal_can.o(i.HAL_CAN_ConfigFilter)
    HAL_CAN_ErrorCallback                    0x080017a1   Thumb Code     2  stm32f4xx_hal_can.o(i.HAL_CAN_ErrorCallback)
    HAL_CAN_GetRxMessage                     0x080017a3   Thumb Code   244  stm32f4xx_hal_can.o(i.HAL_CAN_GetRxMessage)
    HAL_CAN_IRQHandler                       0x08001897   Thumb Code   508  stm32f4xx_hal_can.o(i.HAL_CAN_IRQHandler)
    HAL_CAN_Init                             0x08001a93   Thumb Code   282  stm32f4xx_hal_can.o(i.HAL_CAN_Init)
    HAL_CAN_MspInit                          0x08001bad   Thumb Code   106  stm32f4xx_hal_msp.o(i.HAL_CAN_MspInit)
    HAL_CAN_RxFifo0FullCallback              0x08001c25   Thumb Code     2  stm32f4xx_hal_can.o(i.HAL_CAN_RxFifo0FullCallback)
    HAL_CAN_RxFifo0MsgPendingCallback        0x08001c29   Thumb Code    60  motorrm3508drive.o(i.HAL_CAN_RxFifo0MsgPendingCallback)
    HAL_CAN_RxFifo1FullCallback              0x08001c6d   Thumb Code     2  stm32f4xx_hal_can.o(i.HAL_CAN_RxFifo1FullCallback)
    HAL_CAN_RxFifo1MsgPendingCallback        0x08001c71   Thumb Code    60  motorrm3508drive.o(i.HAL_CAN_RxFifo1MsgPendingCallback)
    HAL_CAN_SleepCallback                    0x08001cb5   Thumb Code     2  stm32f4xx_hal_can.o(i.HAL_CAN_SleepCallback)
    HAL_CAN_Start                            0x08001cb9   Thumb Code    88  stm32f4xx_hal_can.o(i.HAL_CAN_Start)
    HAL_CAN_TxMailbox0AbortCallback          0x08001d11   Thumb Code     2  stm32f4xx_hal_can.o(i.HAL_CAN_TxMailbox0AbortCallback)
    HAL_CAN_TxMailbox0CompleteCallback       0x08001d13   Thumb Code     2  stm32f4xx_hal_can.o(i.HAL_CAN_TxMailbox0CompleteCallback)
    HAL_CAN_TxMailbox1AbortCallback          0x08001d15   Thumb Code     2  stm32f4xx_hal_can.o(i.HAL_CAN_TxMailbox1AbortCallback)
    HAL_CAN_TxMailbox1CompleteCallback       0x08001d17   Thumb Code     2  stm32f4xx_hal_can.o(i.HAL_CAN_TxMailbox1CompleteCallback)
    HAL_CAN_TxMailbox2AbortCallback          0x08001d19   Thumb Code     2  stm32f4xx_hal_can.o(i.HAL_CAN_TxMailbox2AbortCallback)
    HAL_CAN_TxMailbox2CompleteCallback       0x08001d1b   Thumb Code     2  stm32f4xx_hal_can.o(i.HAL_CAN_TxMailbox2CompleteCallback)
    HAL_CAN_WakeUpFromRxMsgCallback          0x08001d1d   Thumb Code     2  stm32f4xx_hal_can.o(i.HAL_CAN_WakeUpFromRxMsgCallback)
    HAL_DMA_Abort                            0x08001d1f   Thumb Code   146  stm32f4xx_hal_dma.o(i.HAL_DMA_Abort)
    HAL_DMA_Abort_IT                         0x08001db1   Thumb Code    36  stm32f4xx_hal_dma.o(i.HAL_DMA_Abort_IT)
    HAL_Delay                                0x08001dd5   Thumb Code    32  stm32f4xx_hal.o(i.HAL_Delay)
    HAL_GPIO_Init                            0x08001df9   Thumb Code   450  stm32f4xx_hal_gpio.o(i.HAL_GPIO_Init)
    HAL_GPIO_WritePin                        0x08001fe9   Thumb Code    10  stm32f4xx_hal_gpio.o(i.HAL_GPIO_WritePin)
    HAL_GetTick                              0x08001ff5   Thumb Code     6  stm32f4xx_hal.o(i.HAL_GetTick)
    HAL_IncTick                              0x08002001   Thumb Code    12  stm32f4xx_hal.o(i.HAL_IncTick)
    HAL_Init                                 0x08002011   Thumb Code    48  stm32f4xx_hal.o(i.HAL_Init)
    HAL_InitTick                             0x08002045   Thumb Code    54  stm32f4xx_hal.o(i.HAL_InitTick)
    HAL_MspInit                              0x08002085   Thumb Code    42  stm32f4xx_hal_msp.o(i.HAL_MspInit)
    HAL_NVIC_EnableIRQ                       0x080020b5   Thumb Code    26  stm32f4xx_hal_cortex.o(i.HAL_NVIC_EnableIRQ)
    HAL_NVIC_SetPriority                     0x080020d1   Thumb Code    60  stm32f4xx_hal_cortex.o(i.HAL_NVIC_SetPriority)
    HAL_NVIC_SetPriorityGrouping             0x08002111   Thumb Code    26  stm32f4xx_hal_cortex.o(i.HAL_NVIC_SetPriorityGrouping)
    HAL_RCC_ClockConfig                      0x08002135   Thumb Code   288  stm32f4xx_hal_rcc.o(i.HAL_RCC_ClockConfig)
    HAL_RCC_GetPCLK1Freq                     0x08002269   Thumb Code    20  stm32f4xx_hal_rcc.o(i.HAL_RCC_GetPCLK1Freq)
    HAL_RCC_GetPCLK2Freq                     0x08002289   Thumb Code    20  stm32f4xx_hal_rcc.o(i.HAL_RCC_GetPCLK2Freq)
    HAL_RCC_GetSysClockFreq                  0x080022a9   Thumb Code    88  stm32f4xx_hal_rcc.o(i.HAL_RCC_GetSysClockFreq)
    HAL_RCC_OscConfig                        0x0800230d   Thumb Code   856  stm32f4xx_hal_rcc.o(i.HAL_RCC_OscConfig)
    HAL_SYSTICK_Config                       0x08002679   Thumb Code    40  stm32f4xx_hal_cortex.o(i.HAL_SYSTICK_Config)
    HAL_UARTEx_RxEventCallback               0x080026a1   Thumb Code     2  stm32f4xx_hal_uart.o(i.HAL_UARTEx_RxEventCallback)
    HAL_UART_ErrorCallback                   0x080026a3   Thumb Code     2  stm32f4xx_hal_uart.o(i.HAL_UART_ErrorCallback)
    HAL_UART_IRQHandler                      0x080026a5   Thumb Code   636  stm32f4xx_hal_uart.o(i.HAL_UART_IRQHandler)
    HAL_UART_Init                            0x08002925   Thumb Code   100  stm32f4xx_hal_uart.o(i.HAL_UART_Init)
    HAL_UART_MspInit                         0x08002989   Thumb Code   144  stm32f4xx_hal_msp.o(i.HAL_UART_MspInit)
    HAL_UART_Receive_IT                      0x08002a29   Thumb Code    28  stm32f4xx_hal_uart.o(i.HAL_UART_Receive_IT)
    HAL_UART_RxCpltCallback                  0x08002a45   Thumb Code    74  main.o(i.HAL_UART_RxCpltCallback)
    HAL_UART_Transmit                        0x08002a9d   Thumb Code   160  stm32f4xx_hal_uart.o(i.HAL_UART_Transmit)
    HAL_UART_TxCpltCallback                  0x08002b3d   Thumb Code     2  stm32f4xx_hal_uart.o(i.HAL_UART_TxCpltCallback)
    HardFault_Handler                        0x08002b3f   Thumb Code     2  stm32f4xx_it.o(i.HardFault_Handler)
    MemManage_Handler                        0x08002c1d   Thumb Code     2  stm32f4xx_it.o(i.MemManage_Handler)
    NMI_Handler                              0x08002c1f   Thumb Code     2  stm32f4xx_it.o(i.NMI_Handler)
    PID_after_process                        0x08002c21   Thumb Code    80  pid.o(i.PID_after_process)
    PID_compute                              0x08002c71   Thumb Code    84  pid.o(i.PID_compute)
    PID_compute_co                           0x08002cc9   Thumb Code    78  pid.o(i.PID_compute_co)
    PID_init                                 0x08002d19   Thumb Code    52  pid.o(i.PID_init)
    PID_pre_process                          0x08002d51   Thumb Code   218  pid.o(i.PID_pre_process)
    PendSV_Handler                           0x08002e35   Thumb Code     2  stm32f4xx_it.o(i.PendSV_Handler)
    RM3508_Motor_SetAngle                    0x08002e39   Thumb Code    62  rm3508_motor_contral.o(i.RM3508_Motor_SetAngle)
    RM3508_Motor_SetSpeed                    0x08002e81   Thumb Code    98  rm3508_motor_contral.o(i.RM3508_Motor_SetSpeed)
    RM3508_PID_Motor_Init                    0x08002ef1   Thumb Code   110  rm3508_motor_contral.o(i.RM3508_PID_Motor_Init)
    SVC_Handler                              0x08002f71   Thumb Code     2  stm32f4xx_it.o(i.SVC_Handler)
    SysTick_Handler                          0x08002f73   Thumb Code     4  stm32f4xx_it.o(i.SysTick_Handler)
    SystemClock_Config                       0x08002f79   Thumb Code   140  main.o(i.SystemClock_Config)
    SystemInit                               0x0800300d   Thumb Code    12  system_stm32f4xx.o(i.SystemInit)
    UART_Start_Receive_IT                    0x08003249   Thumb Code    54  stm32f4xx_hal_uart.o(i.UART_Start_Receive_IT)
    USART1_IRQHandler                        0x080032f1   Thumb Code     6  stm32f4xx_it.o(i.USART1_IRQHandler)
    UsageFault_Handler                       0x080032fd   Thumb Code     2  stm32f4xx_it.o(i.UsageFault_Handler)
    __ARM_fpclassify                         0x080032ff   Thumb Code    48  fpclassify.o(i.__ARM_fpclassify)
    _is_digit                                0x0800334f   Thumb Code    14  __printf_wp.o(i._is_digit)
    fedforward_compute                       0x0800335d   Thumb Code    56  pid.o(i.fedforward_compute)
    main                                     0x08003395   Thumb Code   134  main.o(i.main)
    moter_rm3508_tx_massage                  0x0800342d   Thumb Code    64  motorrm3508drive.o(i.moter_rm3508_tx_massage)
    motor_RM3508_Init                        0x08003471   Thumb Code   170  motorrm3508drive.o(i.motor_RM3508_Init)
    motor_rm3508_MSgPendingCallback          0x08003525   Thumb Code    46  main.o(i.motor_rm3508_MSgPendingCallback)
    motor_rm3508_rx_massage                  0x08003569   Thumb Code   116  motorrm3508drive.o(i.motor_rm3508_rx_massage)
    pid_sp_set                               0x080035e9   Thumb Code     6  pid.o(i.pid_sp_set)
    receive_date                             0x080035f1   Thumb Code    32  rm3508_motor_contral.o(i.receive_date)
    _get_lc_numeric                          0x08003615   Thumb Code    44  lc_numeric_c.o(locale$$code)
    __fpl_dretinf                            0x08003641   Thumb Code    12  dretinf.o(x$fpl$dretinf)
    __aeabi_f2d                              0x0800364d   Thumb Code     0  f2d.o(x$fpl$f2d)
    _f2d                                     0x0800364d   Thumb Code    86  f2d.o(x$fpl$f2d)
    __aeabi_ul2f                             0x080036a3   Thumb Code     0  ffltll_clz.o(x$fpl$ffltll)
    _ll_uto_f                                0x080036a3   Thumb Code     6  ffltll_clz.o(x$fpl$ffltll)
    __aeabi_l2f                              0x080036a9   Thumb Code     0  ffltll_clz.o(x$fpl$ffltll)
    _ll_sto_f                                0x080036a9   Thumb Code    90  ffltll_clz.o(x$fpl$ffltll)
    __fpl_fnaninf                            0x08003703   Thumb Code   140  fnaninf.o(x$fpl$fnaninf)
    _fp_init                                 0x0800378f   Thumb Code    10  fpinit.o(x$fpl$fpinit)
    __fplib_config_fpu_vfp                   0x08003797   Thumb Code     0  fpinit.o(x$fpl$fpinit)
    __fplib_config_pureend_doubles           0x08003797   Thumb Code     0  fpinit.o(x$fpl$fpinit)
    _printf_fp_dec                           0x08003799   Thumb Code     4  printf1.o(x$fpl$printf1)
    __I$use$fp                               0x0800379c   Number         0  usenofp.o(x$fpl$usenofp)
    AHBPrescTable                            0x080037b8   Data          16  system_stm32f4xx.o(.constdata)
    APBPrescTable                            0x080037c8   Data           8  system_stm32f4xx.o(.constdata)
    Region$$Table$$Base                      0x08003864   Number         0  anon$$obj.o(Region$$Table)
    Region$$Table$$Limit                     0x08003884   Number         0  anon$$obj.o(Region$$Table)
    pre_motor_speed                          0x20000008   Data           2  rm3508_motor_contral.o(.data)
    speed_kp                                 0x2000000c   Data           4  rm3508_motor_contral.o(.data)
    speed_ki                                 0x20000010   Data           4  rm3508_motor_contral.o(.data)
    speed_kd                                 0x20000014   Data           4  rm3508_motor_contral.o(.data)
    speed                                    0x20000018   Data           2  main.o(.data)
    rx_data                                  0x2000001a   Data           5  main.o(.data)
    usart_send                               0x2000001f   Data         100  main.o(.data)
    uwTickFreq                               0x20000084   Data           1  stm32f4xx_hal.o(.data)
    uwTickPrio                               0x20000088   Data           4  stm32f4xx_hal.o(.data)
    uwTick                                   0x2000008c   Data           4  stm32f4xx_hal.o(.data)
    SystemCoreClock                          0x20000090   Data           4  system_stm32f4xx.o(.data)
    motor_rx_date                            0x2000016c   Data          12  motorrm3508drive.o(.bss)
    motor_rx_date_it                         0x20000178   Data          48  motorrm3508drive.o(.bss)
    pidcontraller                            0x200001a8   Data          72  rm3508_motor_contral.o(.bss)
    angle_pid_contraller                     0x200001f0   Data          72  rm3508_motor_contral.o(.bss)
    hcan1                                    0x20000238   Data          40  main.o(.bss)
    huart1                                   0x20000260   Data          72  main.o(.bss)
    __libspace_start                         0x200002a8   Data          96  libspace.o(.bss)
    __temporary_stack_top$libspace           0x20000308   Data           0  libspace.o(.bss)



==============================================================================

Memory Map of the image

  Image Entry point : 0x08000189

  Load Region LR_IROM1 (Base: 0x08000000, Size: 0x00003934, Max: 0x00100000, ABSOLUTE)

    Execution Region ER_IROM1 (Exec base: 0x08000000, Load base: 0x08000000, Size: 0x000038a0, Max: 0x00100000, ABSOLUTE)

    Exec Addr    Load Addr    Size         Type   Attr      Idx    E Section Name        Object

    0x08000000   0x08000000   0x00000188   Data   RO            3    RESET               startup_stm32f407xx.o
    0x08000188   0x08000188   0x00000008   Code   RO         2312  * !!!main             c_w.l(__main.o)
    0x08000190   0x08000190   0x00000034   Code   RO         2544    !!!scatter          c_w.l(__scatter.o)
    0x080001c4   0x080001c4   0x0000001a   Code   RO         2546    !!handler_copy      c_w.l(__scatter_copy.o)
    0x080001de   0x080001de   0x00000002   PAD
    0x080001e0   0x080001e0   0x0000001c   Code   RO         2548    !!handler_zi        c_w.l(__scatter_zi.o)
    0x080001fc   0x080001fc   0x00000000   Code   RO         2303    .ARM.Collect$$_printf_percent$$00000000  c_w.l(_printf_percent.o)
    0x080001fc   0x080001fc   0x00000006   Code   RO         2302    .ARM.Collect$$_printf_percent$$00000003  c_w.l(_printf_f.o)
    0x08000202   0x08000202   0x00000006   Code   RO         2301    .ARM.Collect$$_printf_percent$$00000009  c_w.l(_printf_d.o)
    0x08000208   0x08000208   0x00000004   Code   RO         2333    .ARM.Collect$$_printf_percent$$00000017  c_w.l(_printf_percent_end.o)
    0x0800020c   0x0800020c   0x00000002   Code   RO         2417    .ARM.Collect$$libinit$$00000000  c_w.l(libinit.o)
    0x0800020e   0x0800020e   0x00000004   Code   RO         2418    .ARM.Collect$$libinit$$00000001  c_w.l(libinit2.o)
    0x08000212   0x08000212   0x00000000   Code   RO         2421    .ARM.Collect$$libinit$$00000004  c_w.l(libinit2.o)
    0x08000212   0x08000212   0x00000000   Code   RO         2424    .ARM.Collect$$libinit$$0000000A  c_w.l(libinit2.o)
    0x08000212   0x08000212   0x00000000   Code   RO         2426    .ARM.Collect$$libinit$$0000000C  c_w.l(libinit2.o)
    0x08000212   0x08000212   0x00000000   Code   RO         2428    .ARM.Collect$$libinit$$0000000E  c_w.l(libinit2.o)
    0x08000212   0x08000212   0x00000006   Code   RO         2429    .ARM.Collect$$libinit$$0000000F  c_w.l(libinit2.o)
    0x08000218   0x08000218   0x00000000   Code   RO         2431    .ARM.Collect$$libinit$$00000011  c_w.l(libinit2.o)
    0x08000218   0x08000218   0x00000000   Code   RO         2433    .ARM.Collect$$libinit$$00000013  c_w.l(libinit2.o)
    0x08000218   0x08000218   0x00000000   Code   RO         2435    .ARM.Collect$$libinit$$00000015  c_w.l(libinit2.o)
    0x08000218   0x08000218   0x0000000a   Code   RO         2436    .ARM.Collect$$libinit$$00000016  c_w.l(libinit2.o)
    0x08000222   0x08000222   0x00000000   Code   RO         2437    .ARM.Collect$$libinit$$00000017  c_w.l(libinit2.o)
    0x08000222   0x08000222   0x00000000   Code   RO         2439    .ARM.Collect$$libinit$$00000019  c_w.l(libinit2.o)
    0x08000222   0x08000222   0x00000000   Code   RO         2441    .ARM.Collect$$libinit$$0000001B  c_w.l(libinit2.o)
    0x08000222   0x08000222   0x00000000   Code   RO         2443    .ARM.Collect$$libinit$$0000001D  c_w.l(libinit2.o)
    0x08000222   0x08000222   0x00000000   Code   RO         2445    .ARM.Collect$$libinit$$0000001F  c_w.l(libinit2.o)
    0x08000222   0x08000222   0x00000000   Code   RO         2447    .ARM.Collect$$libinit$$00000021  c_w.l(libinit2.o)
    0x08000222   0x08000222   0x00000000   Code   RO         2449    .ARM.Collect$$libinit$$00000023  c_w.l(libinit2.o)
    0x08000222   0x08000222   0x00000000   Code   RO         2451    .ARM.Collect$$libinit$$00000025  c_w.l(libinit2.o)
    0x08000222   0x08000222   0x00000000   Code   RO         2455    .ARM.Collect$$libinit$$0000002C  c_w.l(libinit2.o)
    0x08000222   0x08000222   0x00000000   Code   RO         2457    .ARM.Collect$$libinit$$0000002E  c_w.l(libinit2.o)
    0x08000222   0x08000222   0x00000000   Code   RO         2459    .ARM.Collect$$libinit$$00000030  c_w.l(libinit2.o)
    0x08000222   0x08000222   0x00000000   Code   RO         2461    .ARM.Collect$$libinit$$00000032  c_w.l(libinit2.o)
    0x08000222   0x08000222   0x00000002   Code   RO         2462    .ARM.Collect$$libinit$$00000033  c_w.l(libinit2.o)
    0x08000224   0x08000224   0x00000002   Code   RO         2509    .ARM.Collect$$libshutdown$$00000000  c_w.l(libshutdown.o)
    0x08000226   0x08000226   0x00000000   Code   RO         2527    .ARM.Collect$$libshutdown$$00000002  c_w.l(libshutdown2.o)
    0x08000226   0x08000226   0x00000000   Code   RO         2529    .ARM.Collect$$libshutdown$$00000004  c_w.l(libshutdown2.o)
    0x08000226   0x08000226   0x00000000   Code   RO         2532    .ARM.Collect$$libshutdown$$00000007  c_w.l(libshutdown2.o)
    0x08000226   0x08000226   0x00000000   Code   RO         2535    .ARM.Collect$$libshutdown$$0000000A  c_w.l(libshutdown2.o)
    0x08000226   0x08000226   0x00000000   Code   RO         2537    .ARM.Collect$$libshutdown$$0000000C  c_w.l(libshutdown2.o)
    0x08000226   0x08000226   0x00000000   Code   RO         2540    .ARM.Collect$$libshutdown$$0000000F  c_w.l(libshutdown2.o)
    0x08000226   0x08000226   0x00000002   Code   RO         2541    .ARM.Collect$$libshutdown$$00000010  c_w.l(libshutdown2.o)
    0x08000228   0x08000228   0x00000000   Code   RO         2320    .ARM.Collect$$rtentry$$00000000  c_w.l(__rtentry.o)
    0x08000228   0x08000228   0x00000000   Code   RO         2340    .ARM.Collect$$rtentry$$00000002  c_w.l(__rtentry2.o)
    0x08000228   0x08000228   0x00000006   Code   RO         2352    .ARM.Collect$$rtentry$$00000004  c_w.l(__rtentry4.o)
    0x0800022e   0x0800022e   0x00000000   Code   RO         2342    .ARM.Collect$$rtentry$$00000009  c_w.l(__rtentry2.o)
    0x0800022e   0x0800022e   0x00000004   Code   RO         2343    .ARM.Collect$$rtentry$$0000000A  c_w.l(__rtentry2.o)
    0x08000232   0x08000232   0x00000000   Code   RO         2345    .ARM.Collect$$rtentry$$0000000C  c_w.l(__rtentry2.o)
    0x08000232   0x08000232   0x00000008   Code   RO         2346    .ARM.Collect$$rtentry$$0000000D  c_w.l(__rtentry2.o)
    0x0800023a   0x0800023a   0x00000002   Code   RO         2463    .ARM.Collect$$rtexit$$00000000  c_w.l(rtexit.o)
    0x0800023c   0x0800023c   0x00000000   Code   RO         2478    .ARM.Collect$$rtexit$$00000002  c_w.l(rtexit2.o)
    0x0800023c   0x0800023c   0x00000004   Code   RO         2479    .ARM.Collect$$rtexit$$00000003  c_w.l(rtexit2.o)
    0x08000240   0x08000240   0x00000006   Code   RO         2480    .ARM.Collect$$rtexit$$00000004  c_w.l(rtexit2.o)
    0x08000246   0x08000246   0x00000002   PAD
    0x08000248   0x08000248   0x00000040   Code   RO            4    .text               startup_stm32f407xx.o
    0x08000288   0x08000288   0x000000ee   Code   RO         2271    .text               c_w.l(lludivv7m.o)
    0x08000376   0x08000376   0x00000002   PAD
    0x08000378   0x08000378   0x00000028   Code   RO         2275    .text               c_w.l(noretval__2sprintf.o)
    0x080003a0   0x080003a0   0x00000078   Code   RO         2279    .text               c_w.l(_printf_dec.o)
    0x08000418   0x08000418   0x0000010e   Code   RO         2289    .text               c_w.l(__printf_wp.o)
    0x08000526   0x08000526   0x0000003e   Code   RO         2304    .text               c_w.l(strlen.o)
    0x08000564   0x08000564   0x00000064   Code   RO         2306    .text               c_w.l(rt_memcpy_w.o)
    0x080005c8   0x080005c8   0x0000004e   Code   RO         2308    .text               c_w.l(rt_memclr_w.o)
    0x08000616   0x08000616   0x00000006   Code   RO         2310    .text               c_w.l(heapauxi.o)
    0x0800061c   0x0800061c   0x000000b2   Code   RO         2325    .text               c_w.l(_printf_intcommon.o)
    0x080006ce   0x080006ce   0x0000041e   Code   RO         2327    .text               c_w.l(_printf_fp_dec.o)
    0x08000aec   0x08000aec   0x00000030   Code   RO         2329    .text               c_w.l(_printf_char_common.o)
    0x08000b1c   0x08000b1c   0x0000000a   Code   RO         2331    .text               c_w.l(_sputc.o)
    0x08000b26   0x08000b26   0x00000002   PAD
    0x08000b28   0x08000b28   0x00000008   Code   RO         2359    .text               c_w.l(rt_locale_intlibspace.o)
    0x08000b30   0x08000b30   0x0000008a   Code   RO         2361    .text               c_w.l(lludiv10.o)
    0x08000bba   0x08000bba   0x00000002   PAD
    0x08000bbc   0x08000bbc   0x00000080   Code   RO         2363    .text               c_w.l(_printf_fp_infnan.o)
    0x08000c3c   0x08000c3c   0x000000e4   Code   RO         2367    .text               c_w.l(bigflt0.o)
    0x08000d20   0x08000d20   0x00000008   Code   RO         2399    .text               c_w.l(libspace.o)
    0x08000d28   0x08000d28   0x0000004a   Code   RO         2402    .text               c_w.l(sys_stackheap_outer.o)
    0x08000d72   0x08000d72   0x00000012   Code   RO         2404    .text               c_w.l(exit.o)
    0x08000d84   0x08000d84   0x00000080   Code   RO         2410    .text               c_w.l(strcmpv7m.o)
    0x08000e04   0x08000e04   0x0000000c   Code   RO         2475    .text               c_w.l(sys_exit.o)
    0x08000e10   0x08000e10   0x00000002   Code   RO         2496    .text               c_w.l(use_no_semi.o)
    0x08000e12   0x08000e12   0x00000000   Code   RO         2498    .text               c_w.l(indicate_semi.o)
    0x08000e12   0x08000e12   0x0000003e   Code   RO         2370    CL$$btod_d2e        c_w.l(btod.o)
    0x08000e50   0x08000e50   0x00000046   Code   RO         2372    CL$$btod_d2e_denorm_low  c_w.l(btod.o)
    0x08000e96   0x08000e96   0x00000060   Code   RO         2371    CL$$btod_d2e_norm_op1  c_w.l(btod.o)
    0x08000ef6   0x08000ef6   0x00000338   Code   RO         2380    CL$$btod_div_common  c_w.l(btod.o)
    0x0800122e   0x0800122e   0x000000dc   Code   RO         2377    CL$$btod_e2e        c_w.l(btod.o)
    0x0800130a   0x0800130a   0x0000002a   Code   RO         2374    CL$$btod_ediv       c_w.l(btod.o)
    0x08001334   0x08001334   0x0000002a   Code   RO         2373    CL$$btod_emul       c_w.l(btod.o)
    0x0800135e   0x0800135e   0x00000244   Code   RO         2379    CL$$btod_mult_common  c_w.l(btod.o)
    0x080015a2   0x080015a2   0x00000002   Code   RO          351    i.BusFault_Handler  stm32f4xx_it.o
    0x080015a4   0x080015a4   0x0000000c   Code   RO          352    i.CAN1_RX0_IRQHandler  stm32f4xx_it.o
    0x080015b0   0x080015b0   0x00000002   Code   RO          353    i.DebugMon_Handler  stm32f4xx_it.o
    0x080015b2   0x080015b2   0x00000024   Code   RO          488    i.HAL_CAN_ActivateNotification  stm32f4xx_hal_can.o
    0x080015d6   0x080015d6   0x000000bc   Code   RO          489    i.HAL_CAN_AddTxMessage  stm32f4xx_hal_can.o
    0x08001692   0x08001692   0x00000002   PAD
    0x08001694   0x08001694   0x0000010c   Code   RO          490    i.HAL_CAN_ConfigFilter  stm32f4xx_hal_can.o
    0x080017a0   0x080017a0   0x00000002   Code   RO          493    i.HAL_CAN_ErrorCallback  stm32f4xx_hal_can.o
    0x080017a2   0x080017a2   0x000000f4   Code   RO          496    i.HAL_CAN_GetRxMessage  stm32f4xx_hal_can.o
    0x08001896   0x08001896   0x000001fc   Code   RO          500    i.HAL_CAN_IRQHandler  stm32f4xx_hal_can.o
    0x08001a92   0x08001a92   0x0000011a   Code   RO          501    i.HAL_CAN_Init      stm32f4xx_hal_can.o
    0x08001bac   0x08001bac   0x00000078   Code   RO          440    i.HAL_CAN_MspInit   stm32f4xx_hal_msp.o
    0x08001c24   0x08001c24   0x00000002   Code   RO          508    i.HAL_CAN_RxFifo0FullCallback  stm32f4xx_hal_can.o
    0x08001c26   0x08001c26   0x00000002   PAD
    0x08001c28   0x08001c28   0x00000044   Code   RO          168    i.HAL_CAN_RxFifo0MsgPendingCallback  motorrm3508drive.o
    0x08001c6c   0x08001c6c   0x00000002   Code   RO          510    i.HAL_CAN_RxFifo1FullCallback  stm32f4xx_hal_can.o
    0x08001c6e   0x08001c6e   0x00000002   PAD
    0x08001c70   0x08001c70   0x00000044   Code   RO          169    i.HAL_CAN_RxFifo1MsgPendingCallback  motorrm3508drive.o
    0x08001cb4   0x08001cb4   0x00000002   Code   RO          512    i.HAL_CAN_SleepCallback  stm32f4xx_hal_can.o
    0x08001cb6   0x08001cb6   0x00000002   PAD
    0x08001cb8   0x08001cb8   0x00000058   Code   RO          513    i.HAL_CAN_Start     stm32f4xx_hal_can.o
    0x08001d10   0x08001d10   0x00000002   Code   RO          515    i.HAL_CAN_TxMailbox0AbortCallback  stm32f4xx_hal_can.o
    0x08001d12   0x08001d12   0x00000002   Code   RO          516    i.HAL_CAN_TxMailbox0CompleteCallback  stm32f4xx_hal_can.o
    0x08001d14   0x08001d14   0x00000002   Code   RO          517    i.HAL_CAN_TxMailbox1AbortCallback  stm32f4xx_hal_can.o
    0x08001d16   0x08001d16   0x00000002   Code   RO          518    i.HAL_CAN_TxMailbox1CompleteCallback  stm32f4xx_hal_can.o
    0x08001d18   0x08001d18   0x00000002   Code   RO          519    i.HAL_CAN_TxMailbox2AbortCallback  stm32f4xx_hal_can.o
    0x08001d1a   0x08001d1a   0x00000002   Code   RO          520    i.HAL_CAN_TxMailbox2CompleteCallback  stm32f4xx_hal_can.o
    0x08001d1c   0x08001d1c   0x00000002   Code   RO          522    i.HAL_CAN_WakeUpFromRxMsgCallback  stm32f4xx_hal_can.o
    0x08001d1e   0x08001d1e   0x00000092   Code   RO         1183    i.HAL_DMA_Abort     stm32f4xx_hal_dma.o
    0x08001db0   0x08001db0   0x00000024   Code   RO         1184    i.HAL_DMA_Abort_IT  stm32f4xx_hal_dma.o
    0x08001dd4   0x08001dd4   0x00000024   Code   RO         1620    i.HAL_Delay         stm32f4xx_hal.o
    0x08001df8   0x08001df8   0x000001f0   Code   RO         1076    i.HAL_GPIO_Init     stm32f4xx_hal_gpio.o
    0x08001fe8   0x08001fe8   0x0000000a   Code   RO         1080    i.HAL_GPIO_WritePin  stm32f4xx_hal_gpio.o
    0x08001ff2   0x08001ff2   0x00000002   PAD
    0x08001ff4   0x08001ff4   0x0000000c   Code   RO         1626    i.HAL_GetTick       stm32f4xx_hal.o
    0x08002000   0x08002000   0x00000010   Code   RO         1632    i.HAL_IncTick       stm32f4xx_hal.o
    0x08002010   0x08002010   0x00000034   Code   RO         1633    i.HAL_Init          stm32f4xx_hal.o
    0x08002044   0x08002044   0x00000040   Code   RO         1634    i.HAL_InitTick      stm32f4xx_hal.o
    0x08002084   0x08002084   0x00000030   Code   RO          441    i.HAL_MspInit       stm32f4xx_hal_msp.o
    0x080020b4   0x080020b4   0x0000001a   Code   RO         1468    i.HAL_NVIC_EnableIRQ  stm32f4xx_hal_cortex.o
    0x080020ce   0x080020ce   0x00000002   PAD
    0x080020d0   0x080020d0   0x00000040   Code   RO         1474    i.HAL_NVIC_SetPriority  stm32f4xx_hal_cortex.o
    0x08002110   0x08002110   0x00000024   Code   RO         1475    i.HAL_NVIC_SetPriorityGrouping  stm32f4xx_hal_cortex.o
    0x08002134   0x08002134   0x00000134   Code   RO          722    i.HAL_RCC_ClockConfig  stm32f4xx_hal_rcc.o
    0x08002268   0x08002268   0x00000020   Code   RO          729    i.HAL_RCC_GetPCLK1Freq  stm32f4xx_hal_rcc.o
    0x08002288   0x08002288   0x00000020   Code   RO          730    i.HAL_RCC_GetPCLK2Freq  stm32f4xx_hal_rcc.o
    0x080022a8   0x080022a8   0x00000064   Code   RO          731    i.HAL_RCC_GetSysClockFreq  stm32f4xx_hal_rcc.o
    0x0800230c   0x0800230c   0x0000036c   Code   RO          734    i.HAL_RCC_OscConfig  stm32f4xx_hal_rcc.o
    0x08002678   0x08002678   0x00000028   Code   RO         1479    i.HAL_SYSTICK_Config  stm32f4xx_hal_cortex.o
    0x080026a0   0x080026a0   0x00000002   Code   RO         1883    i.HAL_UARTEx_RxEventCallback  stm32f4xx_hal_uart.o
    0x080026a2   0x080026a2   0x00000002   Code   RO         1897    i.HAL_UART_ErrorCallback  stm32f4xx_hal_uart.o
    0x080026a4   0x080026a4   0x00000280   Code   RO         1900    i.HAL_UART_IRQHandler  stm32f4xx_hal_uart.o
    0x08002924   0x08002924   0x00000064   Code   RO         1901    i.HAL_UART_Init     stm32f4xx_hal_uart.o
    0x08002988   0x08002988   0x000000a0   Code   RO          443    i.HAL_UART_MspInit  stm32f4xx_hal_msp.o
    0x08002a28   0x08002a28   0x0000001c   Code   RO         1906    i.HAL_UART_Receive_IT  stm32f4xx_hal_uart.o
    0x08002a44   0x08002a44   0x00000058   Code   RO          279    i.HAL_UART_RxCpltCallback  main.o
    0x08002a9c   0x08002a9c   0x000000a0   Code   RO         1909    i.HAL_UART_Transmit  stm32f4xx_hal_uart.o
    0x08002b3c   0x08002b3c   0x00000002   Code   RO         1912    i.HAL_UART_TxCpltCallback  stm32f4xx_hal_uart.o
    0x08002b3e   0x08002b3e   0x00000002   Code   RO          354    i.HardFault_Handler  stm32f4xx_it.o
    0x08002b40   0x08002b40   0x00000040   Code   RO          280    i.MX_CAN1_Init      main.o
    0x08002b80   0x08002b80   0x0000009c   Code   RO          281    i.MX_GPIO_Init      main.o
    0x08002c1c   0x08002c1c   0x00000002   Code   RO          355    i.MemManage_Handler  stm32f4xx_it.o
    0x08002c1e   0x08002c1e   0x00000002   Code   RO          356    i.NMI_Handler       stm32f4xx_it.o
    0x08002c20   0x08002c20   0x00000050   Code   RO           13    i.PID_after_process  pid.o
    0x08002c70   0x08002c70   0x00000058   Code   RO           14    i.PID_compute       pid.o
    0x08002cc8   0x08002cc8   0x0000004e   Code   RO           15    i.PID_compute_co    pid.o
    0x08002d16   0x08002d16   0x00000002   PAD
    0x08002d18   0x08002d18   0x00000038   Code   RO           16    i.PID_init          pid.o
    0x08002d50   0x08002d50   0x000000e4   Code   RO           17    i.PID_pre_process   pid.o
    0x08002e34   0x08002e34   0x00000002   Code   RO          357    i.PendSV_Handler    stm32f4xx_it.o
    0x08002e36   0x08002e36   0x00000002   PAD
    0x08002e38   0x08002e38   0x00000048   Code   RO          229    i.RM3508_Motor_SetAngle  rm3508_motor_contral.o
    0x08002e80   0x08002e80   0x00000070   Code   RO          230    i.RM3508_Motor_SetSpeed  rm3508_motor_contral.o
    0x08002ef0   0x08002ef0   0x00000080   Code   RO          231    i.RM3508_PID_Motor_Init  rm3508_motor_contral.o
    0x08002f70   0x08002f70   0x00000002   Code   RO          358    i.SVC_Handler       stm32f4xx_it.o
    0x08002f72   0x08002f72   0x00000004   Code   RO          359    i.SysTick_Handler   stm32f4xx_it.o
    0x08002f76   0x08002f76   0x00000002   PAD
    0x08002f78   0x08002f78   0x00000094   Code   RO          282    i.SystemClock_Config  main.o
    0x0800300c   0x0800300c   0x00000010   Code   RO         2235    i.SystemInit        system_stm32f4xx.o
    0x0800301c   0x0800301c   0x0000000e   Code   RO         1914    i.UART_DMAAbortOnError  stm32f4xx_hal_uart.o
    0x0800302a   0x0800302a   0x0000004e   Code   RO         1924    i.UART_EndRxTransfer  stm32f4xx_hal_uart.o
    0x08003078   0x08003078   0x000000c2   Code   RO         1926    i.UART_Receive_IT   stm32f4xx_hal_uart.o
    0x0800313a   0x0800313a   0x00000002   PAD
    0x0800313c   0x0800313c   0x0000010c   Code   RO         1927    i.UART_SetConfig    stm32f4xx_hal_uart.o
    0x08003248   0x08003248   0x00000036   Code   RO         1929    i.UART_Start_Receive_IT  stm32f4xx_hal_uart.o
    0x0800327e   0x0800327e   0x00000072   Code   RO         1930    i.UART_WaitOnFlagUntilTimeout  stm32f4xx_hal_uart.o
    0x080032f0   0x080032f0   0x0000000c   Code   RO          360    i.USART1_IRQHandler  stm32f4xx_it.o
    0x080032fc   0x080032fc   0x00000002   Code   RO          361    i.UsageFault_Handler  stm32f4xx_it.o
    0x080032fe   0x080032fe   0x00000030   Code   RO         2397    i.__ARM_fpclassify  m_wm.l(fpclassify.o)
    0x0800332e   0x0800332e   0x00000020   Code   RO         1481    i.__NVIC_SetPriority  stm32f4xx_hal_cortex.o
    0x0800334e   0x0800334e   0x0000000e   Code   RO         2291    i._is_digit         c_w.l(__printf_wp.o)
    0x0800335c   0x0800335c   0x00000038   Code   RO           18    i.fedforward_compute  pid.o
    0x08003394   0x08003394   0x00000098   Code   RO          283    i.main              main.o
    0x0800342c   0x0800342c   0x00000044   Code   RO          170    i.moter_rm3508_tx_massage  motorrm3508drive.o
    0x08003470   0x08003470   0x000000b4   Code   RO          171    i.motor_RM3508_Init  motorrm3508drive.o
    0x08003524   0x08003524   0x00000044   Code   RO          284    i.motor_rm3508_MSgPendingCallback  main.o
    0x08003568   0x08003568   0x00000080   Code   RO          173    i.motor_rm3508_rx_massage  motorrm3508drive.o
    0x080035e8   0x080035e8   0x00000006   Code   RO           19    i.pid_sp_set        pid.o
    0x080035ee   0x080035ee   0x00000002   PAD
    0x080035f0   0x080035f0   0x00000024   Code   RO          232    i.receive_date      rm3508_motor_contral.o
    0x08003614   0x08003614   0x0000002c   Code   RO         2393    locale$$code        c_w.l(lc_numeric_c.o)
    0x08003640   0x08003640   0x0000000c   Code   RO         2334    x$fpl$dretinf       fz_wm.l(dretinf.o)
    0x0800364c   0x0800364c   0x00000056   Code   RO         2314    x$fpl$f2d           fz_wm.l(f2d.o)
    0x080036a2   0x080036a2   0x00000060   Code   RO         2316    x$fpl$ffltll        fz_wm.l(ffltll_clz.o)
    0x08003702   0x08003702   0x0000008c   Code   RO         2336    x$fpl$fnaninf       fz_wm.l(fnaninf.o)
    0x0800378e   0x0800378e   0x0000000a   Code   RO         2473    x$fpl$fpinit        fz_wm.l(fpinit.o)
    0x08003798   0x08003798   0x00000004   Code   RO         2318    x$fpl$printf1       fz_wm.l(printf1.o)
    0x0800379c   0x0800379c   0x00000000   Code   RO         2338    x$fpl$usenofp       fz_wm.l(usenofp.o)
    0x0800379c   0x0800379c   0x0000001c   Data   RO           20    .constdata          pid.o
    0x080037b8   0x080037b8   0x00000010   Data   RO         2236    .constdata          system_stm32f4xx.o
    0x080037c8   0x080037c8   0x00000008   Data   RO         2237    .constdata          system_stm32f4xx.o
    0x080037d0   0x080037d0   0x00000094   Data   RO         2368    .constdata          c_w.l(bigflt0.o)
    0x08003864   0x08003864   0x00000020   Data   RO         2542    Region$$Table       anon$$obj.o
    0x08003884   0x08003884   0x0000001c   Data   RO         2392    locale$$data        c_w.l(lc_numeric_c.o)


    Execution Region RW_IRAM1 (Exec base: 0x20000000, Load base: 0x080038a0, Size: 0x00000908, Max: 0x0001c000, ABSOLUTE)

    Exec Addr    Load Addr    Size         Type   Attr      Idx    E Section Name        Object

    0x20000000   0x080038a0   0x00000008   Data   RW          175    .data               motorrm3508drive.o
    0x20000008   0x080038a8   0x00000010   Data   RW          234    .data               rm3508_motor_contral.o
    0x20000018   0x080038b8   0x0000006b   Data   RW          287    .data               main.o
    0x20000083   0x08003923   0x00000001   PAD
    0x20000084   0x08003924   0x0000000c   Data   RW         1640    .data               stm32f4xx_hal.o
    0x20000090   0x08003930   0x00000004   Data   RW         2238    .data               system_stm32f4xx.o
    0x20000094        -       0x00000114   Zero   RW          174    .bss                motorrm3508drive.o
    0x200001a8        -       0x00000090   Zero   RW          233    .bss                rm3508_motor_contral.o
    0x20000238        -       0x00000070   Zero   RW          285    .bss                main.o
    0x200002a8        -       0x00000060   Zero   RW         2400    .bss                c_w.l(libspace.o)
    0x20000308        -       0x00000200   Zero   RW            2    HEAP                startup_stm32f407xx.o
    0x20000508        -       0x00000400   Zero   RW            1    STACK               startup_stm32f407xx.o


    Execution Region RW_IRAM2 (Exec base: 0x2001c000, Load base: 0x08003934, Size: 0x00000000, Max: 0x00004000, ABSOLUTE)

    **** No section assigned to this execution region ****


==============================================================================

Image component sizes


      Code (inc. data)   RO Data    RW Data    ZI Data      Debug   Object Name

       676         84          0        107        112       5135   main.o
       512         42          0          8        276       6473   motorrm3508drive.o
       592         18         28          0          0     674866   pid.o
       348         46          0         16        144       3727   rm3508_motor_contral.o
        64         26        392          0       1536        892   startup_stm32f407xx.o
       180         28          0         12          0       9805   stm32f4xx_hal.o
      1636          6          0          0          0      14679   stm32f4xx_hal_can.o
       198         14          0          0          0      34111   stm32f4xx_hal_cortex.o
       182          0          0          0          0       2243   stm32f4xx_hal_dma.o
       506         46          0          0          0       2336   stm32f4xx_hal_gpio.o
       328         36          0          0          0       2571   stm32f4xx_hal_msp.o
      1348         76          0          0          0       5548   stm32f4xx_hal_rcc.o
      1656         14          0          0          0      12120   stm32f4xx_hal_uart.o
        44         12          0          0          0       5648   stm32f4xx_it.o
        16          4         24          4          0       1271   system_stm32f4xx.o

    ----------------------------------------------------------------------
      8308        452        476        148       2068     781425   Object Totals
         0          0         32          0          0          0   (incl. Generated)
        22          0          0          1          0          0   (incl. Padding)

    ----------------------------------------------------------------------

      Code (inc. data)   RO Data    RW Data    ZI Data      Debug   Library Member Name

         8          0          0          0          0         68   __main.o
       284          0          0          0          0        156   __printf_wp.o
         0          0          0          0          0          0   __rtentry.o
        12          0          0          0          0          0   __rtentry2.o
         6          0          0          0          0          0   __rtentry4.o
        52          8          0          0          0          0   __scatter.o
        26          0          0          0          0          0   __scatter_copy.o
        28          0          0          0          0          0   __scatter_zi.o
        48          6          0          0          0         96   _printf_char_common.o
         6          0          0          0          0          0   _printf_d.o
       120         16          0          0          0         92   _printf_dec.o
         6          0          0          0          0          0   _printf_f.o
      1054          0          0          0          0        216   _printf_fp_dec.o
       128         16          0          0          0         84   _printf_fp_infnan.o
       178          0          0          0          0         88   _printf_intcommon.o
         0          0          0          0          0          0   _printf_percent.o
         4          0          0          0          0          0   _printf_percent_end.o
        10          0          0          0          0         68   _sputc.o
       228          4        148          0          0         96   bigflt0.o
      1936        128          0          0          0        672   btod.o
        18          0          0          0          0         80   exit.o
         6          0          0          0          0        152   heapauxi.o
         0          0          0          0          0          0   indicate_semi.o
        44         10         28          0          0         76   lc_numeric_c.o
         2          0          0          0          0          0   libinit.o
        22          0          0          0          0          0   libinit2.o
         2          0          0          0          0          0   libshutdown.o
         2          0          0          0          0          0   libshutdown2.o
         8          4          0          0         96         68   libspace.o
       138          0          0          0          0         80   lludiv10.o
       238          0          0          0          0        100   lludivv7m.o
        40          6          0          0          0         84   noretval__2sprintf.o
         8          4          0          0          0         68   rt_locale_intlibspace.o
        78          0          0          0          0         80   rt_memclr_w.o
       100          0          0          0          0         80   rt_memcpy_w.o
         2          0          0          0          0          0   rtexit.o
        10          0          0          0          0          0   rtexit2.o
       128          0          0          0          0         68   strcmpv7m.o
        62          0          0          0          0         76   strlen.o
        12          4          0          0          0         68   sys_exit.o
        74          0          0          0          0         80   sys_stackheap_outer.o
         2          0          0          0          0         68   use_no_semi.o
        12          0          0          0          0        116   dretinf.o
        86          4          0          0          0        132   f2d.o
        96          0          0          0          0        132   ffltll_clz.o
       140          4          0          0          0        132   fnaninf.o
        10          0          0          0          0        116   fpinit.o
         4          0          0          0          0        116   printf1.o
         0          0          0          0          0          0   usenofp.o
        48          0          0          0          0        124   fpclassify.o

    ----------------------------------------------------------------------
      5536        214        176          0         96       3732   Library Totals
        10          0          0          0          0          0   (incl. Padding)

    ----------------------------------------------------------------------

      Code (inc. data)   RO Data    RW Data    ZI Data      Debug   Library Name

      5130        206        176          0         96       2864   c_w.l
       348          8          0          0          0        744   fz_wm.l
        48          0          0          0          0        124   m_wm.l

    ----------------------------------------------------------------------
      5536        214        176          0         96       3732   Library Totals

    ----------------------------------------------------------------------

==============================================================================


      Code (inc. data)   RO Data    RW Data    ZI Data      Debug   

     13844        666        652        148       2164     775497   Grand Totals
     13844        666        652        148       2164     775497   ELF Image Totals
     13844        666        652        148          0          0   ROM Totals

==============================================================================

    Total RO  Size (Code + RO Data)                14496 (  14.16kB)
    Total RW  Size (RW Data + ZI Data)              2312 (   2.26kB)
    Total ROM Size (Code + RO Data + RW Data)      14644 (  14.30kB)

==============================================================================

