<html>
<body>
<pre>
<h1>µVision Build Log</h1>
<h2>Tool Versions:</h2>
IDE-Version: ¦ÌVision V5.26.2.0
Copyright (C) 2018 ARM Ltd and ARM Germany GmbH. All rights reserved.
License Information: b 2, 1, LIC=GMZI6-DGZSS-JJ56S-LG1RL-40UQT-KHN3H
 
Tool Versions:
Toolchain:       MDK-ARM Plus  Version: 5.26.2.0
Toolchain Path:  D:\app\keil\ARM\ARMCC\Bin
C Compiler:      Armcc.exe V5.06 update 6 (build 750)
Assembler:       Armasm.exe V5.06 update 6 (build 750)
Linker/Locator:  ArmLink.exe V5.06 update 6 (build 750)
Library Manager: ArmAr.exe V5.06 update 6 (build 750)
Hex Converter:   FromElf.exe V5.06 update 6 (build 750)
CPU DLL:         SARMCM3.DLL V5.26.2.0
Dialog DLL:      DCM.DLL V1.17.2.0
Target DLL:      CMSIS_AGDI.dll V1.30.6.0
Dialog DLL:      TCM.DLL V1.36.1.0
 
<h2>Project:</h2>
D:\documentation\project\arm\stm32\pro3\rm3058-motor-experment\rm3058-motor-experment\MDK-ARM\pro3.uvprojx
Project File Date:  06/03/2025

<h2>Output:</h2>
*** Using Compiler 'V5.06 update 6 (build 750)', folder: 'D:\app\keil\ARM\ARMCC\Bin'
Build target 'pro3'
assembling startup_stm32f407xx.s...
compiling MotorRM3508Drive.c...
..\Core\Src\MotorRM3508Drive.c(122): warning:  #940-D: missing return statement at end of non-void function "motor_rm3508_rx_massage" 
  }
..\Core\Src\MotorRM3508Drive.c(136): warning:  #223-D: function "motor_rm3508_MSgPendingCallback" declared implicitly
  	motor_rm3508_MSgPendingCallback(motor_rx_date_it[motor_number],hcan);
..\Core\Src\MotorRM3508Drive.c(147): warning:  #223-D: function "motor_rm3508_MSgPendingCallback" declared implicitly
  	motor_rm3508_MSgPendingCallback(motor_rx_date_it[motor_number],hcan);
..\Core\Src\MotorRM3508Drive.c: 3 warnings, 0 errors
compiling stm32f4xx_hal_gpio.c...
compiling stm32f4xx_hal_flash_ex.c...
compiling stm32f4xx_hal_cortex.c...
compiling stm32f4xx_hal_can.c...
compiling system_stm32f4xx.c...
compiling stm32f4xx_it.c...
compiling RM3508_motor_contral.c...
../Core/Inc/pid.h(29): warning:  #1-D: last line of file ends without a newline
  #endif
../Core/Inc/RM3508_motor_contral.h(14): warning:  #1-D: last line of file ends without a newline
  #endif
..\Core\Src\RM3508_motor_contral.c(81): warning:  #1-D: last line of file ends without a newline
  }
..\Core\Src\RM3508_motor_contral.c(69): warning:  #177-D: variable "Kp"  was declared but never referenced
      float Kp = angle_kp;
..\Core\Src\RM3508_motor_contral.c(70): warning:  #177-D: variable "Ki"  was declared but never referenced
      float Ki = angle_ki;
..\Core\Src\RM3508_motor_contral.c(71): warning:  #177-D: variable "Kd"  was declared but never referenced
      float Kd = angle_kd;
..\Core\Src\RM3508_motor_contral.c: 6 warnings, 0 errors
compiling stm32f4xx_hal_flash.c...
compiling stm32f4xx_hal.c...
compiling stm32f4xx_hal_flash_ramfunc.c...
compiling pid.c...
../Core/Inc/pid.h(29): warning:  #1-D: last line of file ends without a newline
  #endif
..\Core\Src\pid.c: 1 warning, 0 errors
compiling stm32f4xx_hal_msp.c...
compiling stm32f4xx_hal_pwr_ex.c...
compiling stm32f4xx_hal_pwr.c...
compiling stm32f4xx_hal_dma.c...
compiling stm32f4xx_hal_exti.c...
compiling main.c...
../Core/Inc/pid.h(29): warning:  #1-D: last line of file ends without a newline
  #endif
../Core/Inc/RM3508_motor_contral.h(14): warning:  #1-D: last line of file ends without a newline
  #endif
../Core/Src/main.c(183): warning:  #9-D: nested comment is not allowed
  		  /*tx_data[0] = torque>>8;
../Core/Src/main.c(193): warning:  #9-D: nested comment is not allowed
  		  /*
../Core/Src/main.c: 4 warnings, 0 errors
compiling stm32f4xx_hal_uart.c...
compiling stm32f4xx_hal_rcc_ex.c...
compiling stm32f4xx_hal_dma_ex.c...
compiling stm32f4xx_hal_rcc.c...
linking...
Program Size: Code=13844 RO-data=652 RW-data=148 ZI-data=2164  
FromELF: creating hex file...
"pro3\pro3.axf" - 0 Error(s), 14 Warning(s).

<h2>Software Packages used:</h2>

Package Vendor: ARM
                http://www.keil.com/pack/ARM.CMSIS.5.4.0.pack
                ARM.CMSIS.5.4.0
                CMSIS (Cortex Microcontroller Software Interface Standard)
   * Component: CORE Version: 5.1.2

Package Vendor: Keil
                http://www.keil.com/pack/Keil.STM32F4xx_DFP.2.8.0.pack
                Keil.STM32F4xx_DFP.2.8.0
                STMicroelectronics STM32F4 Series Device Support, Drivers and Examples

<h2>Collection of Component include folders:</h2>
  .\RTE\_pro3
  D:\app\keil\ARM\PACK\ARM\CMSIS\5.4.0\CMSIS\Core\Include
  D:\app\keil\ARM\PACK\Keil\STM32F4xx_DFP\2.8.0\Drivers\CMSIS\Device\ST\STM32F4xx\Include

<h2>Collection of Component Files used:</h2>

   * Component: ARM::CMSIS:CORE:5.1.2
Build Time Elapsed:  00:00:07
</pre>
</body>
</html>
